BL51 BANKED LINKER/LOCATER V6.00                                                        07/02/2014  19:19:58  PAGE 1


BL51 BANKED LINKER/LOCATER V6.00, INVOKED BY:
C:\KEIL\C51\BIN\BL51.EXE menghuan.obj TO menghuan RAMSIZE (256) CODE (0X0000-0XEFFF)


MEMORY MODEL: SMALL


INPUT MODULES INCLUDED:
  menghuan.obj (MENGHUAN)
  C:\KEIL\C51\LIB\C51S.LIB (?C_STARTUP)
  C:\KEIL\C51\LIB\C51S.LIB (?C?IMUL)
  C:\KEIL\C51\LIB\C51S.LIB (?C?UIDIV)
  C:\KEIL\C51\LIB\C51S.LIB (?C?SIDIV)
  C:\KEIL\C51\LIB\C51S.LIB (?C?OFFXADD)
  C:\KEIL\C51\LIB\C51S.LIB (RAND)
  C:\KEIL\C51\LIB\C51S.LIB (?C_INIT)


LINK MAP OF MODULE:  menghuan (MENGHUAN)


            TYPE    BASE      LENGTH    RELOCATION   SEGMENT NAME
            -----------------------------------------------------

            * * * * * * *   D A T A   M E M O R Y   * * * * * * *
            REG     0000H     0008H     ABSOLUTE     "REG BANK 0"
            DATA    0008H     0013H     UNIT         _DATA_GROUP_
            DATA    001BH     0004H     UNIT         ?DT?RAND?RAND
                    001FH     0001H                  *** GAP ***
            BIT     0020H.0   0000H.2   UNIT         ?BI?MENGHUAN
                    0020H.2   0000H.6                *** GAP ***
            DATA    0021H     0058H     UNIT         ?DT?MENGHUAN
            IDATA   0079H     0001H     UNIT         ?STACK

            * * * * * * *  X D A T A   M E M O R Y  * * * * * * *
            XDATA   0000H     0388H     UNIT         ?XD?MENGHUAN

            * * * * * * *   C O D E   M E M O R Y   * * * * * * *
            CODE    0000H     0003H     ABSOLUTE     
            CODE    0003H     0004H     UNIT         ?PR?AD_CONTROL?MENGHUAN
                    0007H     0004H                  *** GAP ***
            CODE    000BH     0003H     ABSOLUTE     
                    000EH     000DH                  *** GAP ***
            CODE    001BH     0003H     ABSOLUTE     
                    001EH     0005H                  *** GAP ***
            CODE    0023H     0003H     ABSOLUTE     
                    0026H     0005H                  *** GAP ***
            CODE    002BH     0003H     ABSOLUTE     
            CODE    002EH     1B4EH     UNIT         ?PR?_XIAN_XIAO?MENGHUAN
            CODE    1B7CH     19F4H     UNIT         ?PR?SJ1302?MENGHUAN
            CODE    3570H     123AH     UNIT         ?PR?_HUA_88?MENGHUAN
            CODE    47AAH     1218H     UNIT         ?PR?_QU_88?MENGHUAN
            CODE    59C2H     0BCBH     UNIT         ?CO?MENGHUAN
            CODE    658DH     08BBH     UNIT         ?PR?ELSYX?MENGHUAN
            CODE    6E48H     0899H     UNIT         ?PR?CHAN_SHU?MENGHUAN
            CODE    76E1H     064AH     UNIT         ?PR?FFT?MENGHUAN
            CODE    7D2BH     0498H     UNIT         ?PR?SHIWEN?MENGHUAN
            CODE    81C3H     0432H     UNIT         ?PR?ELSFK?MENGHUAN
BL51 BANKED LINKER/LOCATER V6.00                                                      07/02/2014  19:19:58  PAGE 2


            CODE    85F5H     042FH     UNIT         ?PR?ERSZXS?MENGHUAN
            CODE    8A24H     03AEH     UNIT         ?PR?KAI_JI?MENGHUAN
            CODE    8DD2H     03A5H     UNIT         ?PR?YJSZXS?MENGHUAN
            CODE    9177H     0336H     UNIT         ?PR?SJCSCSH?MENGHUAN
            CODE    94ADH     031EH     UNIT         ?PR?_FENHANG?MENGHUAN
            CODE    97CBH     02C5H     UNIT         ?PR?_HANGYI?MENGHUAN
            CODE    9A90H     020EH     UNIT         ?PR?SHEZHI?MENGHUAN
            CODE    9C9EH     020EH     UNIT         ?PR?TCS_ZHUKONG?MENGHUAN
            CODE    9EACH     01FBH     UNIT         ?PR?PINPU?MENGHUAN
            CODE    A0A7H     0192H     UNIT         ?PR?MANFK?MENGHUAN
            CODE    A239H     015BH     UNIT         ?PR?INIT?MENGHUAN
            CODE    A394H     014EH     UNIT         ?PR?WANLN?MENGHUAN
            CODE    A4E2H     00E1H     UNIT         ?PR?_HUA_DIAN?MENGHUAN
            CODE    A5C3H     00E1H     UNIT         ?PR?_HUA_DIAN1?MENGHUAN
            CODE    A6A4H     00DFH     UNIT         ?PR?_QING_DIAN1?MENGHUAN
            CODE    A783H     00DFH     UNIT         ?PR?TCSKAIS?MENGHUAN
            CODE    A862H     00D9H     UNIT         ?PR?_QING_DIAN?MENGHUAN
            CODE    A93BH     00D1H     UNIT         ?PR?BBC?MENGHUAN
            CODE    AA0CH     00CBH     UNIT         ?PR?_GUNZHI?MENGHUAN
            CODE    AAD7H     00C3H     UNIT         ?PR?TCS_QFYD?MENGHUAN
            CODE    AB9AH     00B4H     UNIT         ?PR?_SCAN?MENGHUAN
            CODE    AC4EH     00A9H     UNIT         ?C?LIB_CODE
            CODE    ACF7H     009BH     UNIT         ?PR?BIANKUANG?MENGHUAN
            CODE    AD92H     008DH     UNIT         ?PR?_TCS_QUDIAN?MENGHUAN
            CODE    AE1FH     008CH     UNIT         ?C_C51STARTUP
            CODE    AEABH     008AH     UNIT         ?PR?QUFK?MENGHUAN
            CODE    AF35H     0089H     UNIT         ?PR?CHONGT?MENGHUAN
            CODE    AFBEH     0081H     UNIT         ?PR?ADC_FINISH?MENGHUAN
            CODE    B03FH     007DH     UNIT         ?PR?_TCS_HUADIAN?MENGHUAN
            CODE    B0BCH     0069H     UNIT         ?PR?QING_HONG?MENGHUAN
            CODE    B125H     0069H     UNIT         ?PR?QING_NV?MENGHUAN
            CODE    B18EH     0068H     UNIT         ?PR?_QU_1616?MENGHUAN
            CODE    B1F6H     0066H     UNIT         ?PR?QING_HUAN_CHONG?MENGHUAN
            CODE    B25CH     0063H     UNIT         ?PR?READ_DS18B20_1T?MENGHUAN
            CODE    B2BFH     0060H     UNIT         ?PR?XIEFK?MENGHUAN
            CODE    B31FH     0060H     UNIT         ?PR?_HUA_1616?MENGHUAN
            CODE    B37FH     0056H     UNIT         ?PR?_READ1302?MENGHUAN
            CODE    B3D5H     0056H     UNIT         ?PR?INITIAL?MENGHUAN
            CODE    B42BH     0052H     UNIT         ?C_INITSEG
            CODE    B47DH     0051H     UNIT         ?PR?LED_DISPLAY?MENGHUAN
            CODE    B4CEH     004FH     UNIT         ?PR?TCS_SJD?MENGHUAN
            CODE    B51DH     004DH     UNIT         ?PR?RAND?RAND
            CODE    B56AH     0042H     UNIT         ?PR?CHANFK?MENGHUAN
            CODE    B5ACH     003CH     UNIT         ?PR?_WRITE1302?MENGHUAN
            CODE    B5E8H     0038H     UNIT         ?PR?TCS_JC?MENGHUAN
            CODE    B620H     0036H     UNIT         ?PR?PINPUFFT?MENGHUAN
            CODE    B656H     0034H     UNIT         ?PR?_HUA_816?MENGHUAN
            CODE    B68AH     0034H     UNIT         ?PR?HUASHIDIAN?MENGHUAN
            CODE    B6BEH     0034H     UNIT         ?PR?QUSHIDIAN?MENGHUAN
            CODE    B6F2H     0033H     UNIT         ?PR?DS18B20_READBYTE_1T?MENGHUAN
            CODE    B725H     002EH     UNIT         ?PR?_DS18B20_WRITEBYTE_1T?MENGHUAN
            CODE    B753H     002DH     UNIT         ?PR?_QU_816?MENGHUAN
            CODE    B780H     002CH     UNIT         ?PR?MAIN?MENGHUAN
            CODE    B7ACH     002AH     UNIT         ?PR?DS18B20_RESET_1T?MENGHUAN
            CODE    B7D6H     0013H     UNIT         ?PR?_DELAY?MENGHUAN


BL51 BANKED LINKER/LOCATER V6.00                                                      07/02/2014  19:19:58  PAGE 3



OVERLAY MAP OF MODULE:   menghuan (MENGHUAN)


SEGMENT                                      DATA_GROUP 
  +--> CALLED SEGMENT                      START    LENGTH
----------------------------------------------------------
?PR?ADC_FINISH?MENGHUAN                    -----    -----
  +--> ?CO?MENGHUAN

*** NEW ROOT ***************************************************

?PR?LED_DISPLAY?MENGHUAN                   -----    -----
  +--> ?PR?PINPU?MENGHUAN
  +--> ?PR?ELSYX?MENGHUAN
  +--> ?PR?SHEZHI?MENGHUAN

?PR?PINPU?MENGHUAN                         -----    -----
  +--> ?PR?_SCAN?MENGHUAN

?PR?_SCAN?MENGHUAN                         -----    -----
  +--> ?PR?_DELAY?MENGHUAN

?PR?ELSYX?MENGHUAN                         -----    -----
  +--> ?CO?MENGHUAN
  +--> ?PR?_DELAY?MENGHUAN
  +--> ?PR?_SCAN?MENGHUAN

?PR?SHEZHI?MENGHUAN                        -----    -----
  +--> ?PR?_DELAY?MENGHUAN
  +--> ?PR?_SCAN?MENGHUAN
  +--> ?PR?_READ1302?MENGHUAN
  +--> ?PR?READ_DS18B20_1T?MENGHUAN
  +--> ?PR?BIANKUANG?MENGHUAN
  +--> ?PR?HUASHIDIAN?MENGHUAN
  +--> ?PR?QUSHIDIAN?MENGHUAN

?PR?READ_DS18B20_1T?MENGHUAN               -----    -----
  +--> ?PR?DS18B20_RESET_1T?MENGHUAN
  +--> ?PR?_DS18B20_WRITEBYTE_1T?MENGHUAN
  +--> ?PR?DS18B20_READBYTE_1T?MENGHUAN

?PR?DS18B20_RESET_1T?MENGHUAN              -----    -----
  +--> ?PR?_DELAY?MENGHUAN

?PR?_DS18B20_WRITEBYTE_1T?MENGHUAN         -----    -----
  +--> ?PR?_DELAY?MENGHUAN

?PR?DS18B20_READBYTE_1T?MENGHUAN           -----    -----
  +--> ?PR?_DELAY?MENGHUAN

?PR?BIANKUANG?MENGHUAN                     -----    -----
  +--> ?PR?_QING_DIAN?MENGHUAN
  +--> ?PR?_HUA_DIAN?MENGHUAN

?PR?_QING_DIAN?MENGHUAN                    0008H    0001H
  +--> ?CO?MENGHUAN
BL51 BANKED LINKER/LOCATER V6.00                                                      07/02/2014  19:19:58  PAGE 4



?PR?_HUA_DIAN?MENGHUAN                     0008H    0001H
  +--> ?CO?MENGHUAN

?PR?HUASHIDIAN?MENGHUAN                    -----    -----
  +--> ?PR?_HUA_DIAN?MENGHUAN

?PR?QUSHIDIAN?MENGHUAN                     -----    -----
  +--> ?PR?_QING_DIAN?MENGHUAN

*** NEW ROOT ***************************************************

?C_C51STARTUP                              -----    -----
  +--> ?PR?MAIN?MENGHUAN
  +--> ?C_INITSEG

?PR?MAIN?MENGHUAN                          -----    -----
  +--> ?PR?INIT?MENGHUAN
  +--> ?PR?PINPUFFT?MENGHUAN
  +--> ?PR?ELSFK?MENGHUAN
  +--> ?PR?CHAN_SHU?MENGHUAN
  +--> ?PR?WANLN?MENGHUAN
  +--> ?PR?TCS_ZHUKONG?MENGHUAN

?PR?INIT?MENGHUAN                          -----    -----
  +--> ?PR?_HUA_88?MENGHUAN
  +--> ?PR?_HUA_816?MENGHUAN
  +--> ?PR?_HUA_1616?MENGHUAN
  +--> ?PR?_QU_88?MENGHUAN
  +--> ?PR?_QU_816?MENGHUAN
  +--> ?PR?_QU_1616?MENGHUAN
  +--> ?PR?_HUA_DIAN1?MENGHUAN
  +--> ?PR?_QING_DIAN1?MENGHUAN
  +--> ?PR?QING_HONG?MENGHUAN
  +--> ?PR?QING_NV?MENGHUAN
  +--> ?PR?KAI_JI?MENGHUAN
  +--> ?PR?_DELAY?MENGHUAN
  +--> ?PR?INITIAL?MENGHUAN
  +--> ?PR?READ_DS18B20_1T?MENGHUAN

?PR?_HUA_88?MENGHUAN                       0016H    0005H

?PR?_HUA_816?MENGHUAN                      0011H    0005H
  +--> ?PR?_HUA_88?MENGHUAN

?PR?_HUA_1616?MENGHUAN                     000EH    0005H
  +--> ?PR?_HUA_88?MENGHUAN

?PR?_QU_88?MENGHUAN                        0016H    0005H

?PR?_QU_816?MENGHUAN                       0011H    0005H
  +--> ?PR?_QU_88?MENGHUAN

?PR?_QU_1616?MENGHUAN                      000EH    0005H
  +--> ?PR?_QU_88?MENGHUAN

?PR?_HUA_DIAN1?MENGHUAN                    0011H    0001H
BL51 BANKED LINKER/LOCATER V6.00                                                      07/02/2014  19:19:58  PAGE 5


  +--> ?CO?MENGHUAN

?PR?_QING_DIAN1?MENGHUAN                   0011H    0001H
  +--> ?CO?MENGHUAN

?PR?KAI_JI?MENGHUAN                        0009H    0008H
  +--> ?CO?MENGHUAN
  +--> ?PR?QING_HONG?MENGHUAN
  +--> ?PR?_HUA_88?MENGHUAN
  +--> ?PR?_DELAY?MENGHUAN
  +--> ?PR?_QU_88?MENGHUAN
  +--> ?PR?QING_NV?MENGHUAN
  +--> ?PR?_QU_816?MENGHUAN
  +--> ?PR?_HUA_816?MENGHUAN
  +--> ?PR?_HUA_DIAN1?MENGHUAN
  +--> ?PR?_FENHANG?MENGHUAN
  +--> ?PR?_HANGYI?MENGHUAN
  +--> ?PR?_QING_DIAN1?MENGHUAN

?PR?_FENHANG?MENGHUAN                      0011H    0002H
  +--> ?PR?_HANGYI?MENGHUAN
  +--> ?CO?MENGHUAN

?PR?INITIAL?MENGHUAN                       -----    -----
  +--> ?PR?_READ1302?MENGHUAN
  +--> ?PR?_WRITE1302?MENGHUAN

?PR?PINPUFFT?MENGHUAN                      -----    -----
  +--> ?PR?FFT?MENGHUAN
  +--> ?PR?QING_HUAN_CHONG?MENGHUAN

?PR?FFT?MENGHUAN                           -----    -----
  +--> ?CO?MENGHUAN

?PR?ELSFK?MENGHUAN                         -----    -----
  +--> ?PR?_DELAY?MENGHUAN
  +--> ?PR?RAND?RAND
  +--> ?PR?XIEFK?MENGHUAN
  +--> ?PR?QUFK?MENGHUAN
  +--> ?PR?CHONGT?MENGHUAN
  +--> ?PR?MANFK?MENGHUAN
  +--> ?PR?CHANFK?MENGHUAN
  +--> ?PR?QING_HUAN_CHONG?MENGHUAN

?PR?XIEFK?MENGHUAN                         -----    -----
  +--> ?CO?MENGHUAN

?PR?QUFK?MENGHUAN                          -----    -----
  +--> ?CO?MENGHUAN

?PR?CHONGT?MENGHUAN                        -----    -----
  +--> ?CO?MENGHUAN

?PR?MANFK?MENGHUAN                         -----    -----
  +--> ?PR?_DELAY?MENGHUAN

?PR?CHANFK?MENGHUAN                        -----    -----
BL51 BANKED LINKER/LOCATER V6.00                                                      07/02/2014  19:19:58  PAGE 6


  +--> ?PR?RAND?RAND

?PR?CHAN_SHU?MENGHUAN                      -----    -----
  +--> ?PR?QING_HONG?MENGHUAN
  +--> ?PR?QING_NV?MENGHUAN
  +--> ?CO?MENGHUAN
  +--> ?PR?YJSZXS?MENGHUAN
  +--> ?PR?ERSZXS?MENGHUAN
  +--> ?PR?_DELAY?MENGHUAN
  +--> ?PR?_HUA_1616?MENGHUAN
  +--> ?PR?_GUNZHI?MENGHUAN
  +--> ?PR?_QING_DIAN1?MENGHUAN
  +--> ?PR?SJ1302?MENGHUAN
  +--> ?PR?QING_HUAN_CHONG?MENGHUAN

?PR?YJSZXS?MENGHUAN                        -----    -----
  +--> ?PR?_FENHANG?MENGHUAN
  +--> ?PR?_DELAY?MENGHUAN
  +--> ?PR?_HANGYI?MENGHUAN
  +--> ?CO?MENGHUAN
  +--> ?PR?_QU_1616?MENGHUAN
  +--> ?PR?_HUA_1616?MENGHUAN

?PR?ERSZXS?MENGHUAN                        -----    -----
  +--> ?PR?_QING_DIAN1?MENGHUAN
  +--> ?PR?_DELAY?MENGHUAN
  +--> ?CO?MENGHUAN
  +--> ?PR?_QU_1616?MENGHUAN
  +--> ?PR?_HUA_1616?MENGHUAN

?PR?_GUNZHI?MENGHUAN                       0009H    0003H
  +--> ?PR?_QU_1616?MENGHUAN
  +--> ?PR?_HUA_1616?MENGHUAN
  +--> ?PR?_DELAY?MENGHUAN

?PR?SJ1302?MENGHUAN                        -----    -----
  +--> ?PR?SJCSCSH?MENGHUAN
  +--> ?PR?_QU_816?MENGHUAN
  +--> ?PR?_HUA_816?MENGHUAN
  +--> ?PR?_DELAY?MENGHUAN
  +--> ?PR?_QING_DIAN1?MENGHUAN
  +--> ?CO?MENGHUAN
  +--> ?PR?_QU_1616?MENGHUAN
  +--> ?PR?_HUA_1616?MENGHUAN
  +--> ?PR?_WRITE1302?MENGHUAN

?PR?SJCSCSH?MENGHUAN                       -----    -----
  +--> ?CO?MENGHUAN
  +--> ?PR?_QING_DIAN1?MENGHUAN
  +--> ?PR?_DELAY?MENGHUAN
  +--> ?PR?_READ1302?MENGHUAN
  +--> ?PR?_HUA_816?MENGHUAN
  +--> ?PR?_HUA_DIAN1?MENGHUAN
  +--> ?PR?_HUA_1616?MENGHUAN

?PR?WANLN?MENGHUAN                         0009H    0002H
  +--> ?PR?QING_HONG?MENGHUAN
BL51 BANKED LINKER/LOCATER V6.00                                                      07/02/2014  19:19:58  PAGE 7


  +--> ?PR?QING_NV?MENGHUAN
  +--> ?PR?_DELAY?MENGHUAN
  +--> ?CO?MENGHUAN
  +--> ?PR?_HUA_816?MENGHUAN
  +--> ?PR?_HUA_DIAN1?MENGHUAN
  +--> ?PR?SHIWEN?MENGHUAN
  +--> ?PR?_XIAN_XIAO?MENGHUAN
  +--> ?PR?QING_HUAN_CHONG?MENGHUAN

?PR?SHIWEN?MENGHUAN                        000BH    0001H
  +--> ?CO?MENGHUAN
  +--> ?PR?_QU_816?MENGHUAN
  +--> ?PR?_HUA_816?MENGHUAN
  +--> ?PR?_DELAY?MENGHUAN

?PR?_XIAN_XIAO?MENGHUAN                    000BH    0003H
  +--> ?CO?MENGHUAN
  +--> ?PR?_HUA_816?MENGHUAN
  +--> ?PR?_DELAY?MENGHUAN
  +--> ?PR?_HUA_1616?MENGHUAN
  +--> ?PR?_QU_816?MENGHUAN
  +--> ?PR?_QU_1616?MENGHUAN
  +--> ?PR?_QING_DIAN1?MENGHUAN
  +--> ?PR?_FENHANG?MENGHUAN
  +--> ?PR?_HANGYI?MENGHUAN

?PR?TCS_ZHUKONG?MENGHUAN                   -----    -----
  +--> ?PR?TCSKAIS?MENGHUAN
  +--> ?PR?_DELAY?MENGHUAN
  +--> ?PR?TCS_QFYD?MENGHUAN
  +--> ?PR?TCS_SJD?MENGHUAN
  +--> ?PR?TCS_JC?MENGHUAN
  +--> ?PR?_TCS_HUADIAN?MENGHUAN
  +--> ?PR?_TCS_QUDIAN?MENGHUAN
  +--> ?PR?QING_HUAN_CHONG?MENGHUAN

?PR?TCSKAIS?MENGHUAN                       -----    -----
  +--> ?PR?QING_HONG?MENGHUAN
  +--> ?PR?QING_NV?MENGHUAN
  +--> ?PR?_TCS_QUDIAN?MENGHUAN
  +--> ?PR?_TCS_HUADIAN?MENGHUAN
  +--> ?PR?_DELAY?MENGHUAN
  +--> ?PR?TCS_SJD?MENGHUAN
  +--> ?PR?TCS_JC?MENGHUAN

?PR?_TCS_QUDIAN?MENGHUAN                   -----    -----
  +--> ?PR?_QING_DIAN1?MENGHUAN

?PR?_TCS_HUADIAN?MENGHUAN                  -----    -----
  +--> ?PR?_HUA_DIAN1?MENGHUAN

?PR?TCS_SJD?MENGHUAN                       -----    -----
  +--> ?PR?RAND?RAND



SYMBOL TABLE OF MODULE:  menghuan (MENGHUAN)
BL51 BANKED LINKER/LOCATER V6.00                                                      07/02/2014  19:19:58  PAGE 8



  VALUE           TYPE          NAME
  ----------------------------------

  -------         MODULE        MENGHUAN
  C:0000H         SYMBOL        _ICE_DUMMY_
  D:0092H         PUBLIC        P1M0
  D:0093H         PUBLIC        P0M1
  D:0021H         PUBLIC        Imag
  D:0096H         PUBLIC        P2M0
  D:0091H         PUBLIC        P1M1
  D:0080H         PUBLIC        P0
  D:0023H         PUBLIC        shanji
  D:0095H         PUBLIC        P2M1
  D:0090H         PUBLIC        P1
  C:B6F2H         PUBLIC        DS18B20_ReadByte_1T
  D:00A0H         PUBLIC        P2
  B:00A0H.3       PUBLIC        R1
  D:00B0H         PUBLIC        P3
  B:00A0H.1       PUBLIC        R2
  D:0024H         PUBLIC        Real
  D:0026H         PUBLIC        yue1
  B:00A8H.7       PUBLIC        EA
  D:0027H         PUBLIC        yue2
  B:0080H.2       PUBLIC        ds18b20
  C:AF35H         PUBLIC        chongt
  C:ABAAH         PUBLIC        _scan
  D:0028H         PUBLIC        xiaxia
  D:0029H         PUBLIC        sssddd
  B:00B0H.6       PUBLIC        key_fan_hiu
  B:0080H.5       PUBLIC        IA
  C:5BA5H         PUBLIC        fangk
  D:002AH         PUBLIC        COUNT
  B:00A0H.6       PUBLIC        IB
  C:5C6DH         PUBLIC        k816
  B:0080H.4       PUBLIC        IC
  D:002BH         PUBLIC        ri1
  B:00A0H.5       PUBLIC        ID
  C:622DH         PUBLIC        ajshezhi1
  C:AFBEH         PUBLIC        ADC_Finish
  D:002CH         PUBLIC        ri2
  C:632DH         PUBLIC        ajshezhi2
  X:0000H         PUBLIC        LB
  B:00A8H.5       PUBLIC        EADC
  D:00A8H         PUBLIC        IE
  C:640DH         PUBLIC        ajshezhi3
  C:9A90H         PUBLIC        shezhi
  C:650DH         PUBLIC        ajshezhi4
  C:A862H         PUBLIC        _qing_dian
  C:A0A7H         PUBLIC        manfk
  C:B47DH         PUBLIC        LED_Display
  D:00FAH         PUBLIC        CCAP0H
  C:AD92H         PUBLIC        _tcs_qudian
  C:7D2BH         PUBLIC        shiwen
  D:002DH         PUBLIC        daid
  B:00A0H.4       PUBLIC        OE
  D:00BDH         PUBLIC        ADC_RES
BL51 BANKED LINKER/LOCATER V6.00                                                      07/02/2014  19:19:58  PAGE 9


  C:A239H         PUBLIC        Init
  C:59CDH         PUBLIC        qingd
  D:00DAH         PUBLIC        CCAPM0
  D:002EH         PUBLIC        newfkx
  D:002FH         PUBLIC        fangx
  C:47B8H         PUBLIC        _qu_88
  D:0030H         PUBLIC        newfky
  D:0031H         PUBLIC        newxinz
  C:81C3H         PUBLIC        elsfk
  B:00A8H.4       PUBLIC        ES
  D:00B8H         PUBLIC        IP
  D:0032H         PUBLIC        shiji
  C:B2BFH         PUBLIC        xiefk
  D:0033H         PUBLIC        sscan
  B:0098H.0       PUBLIC        RI
  B:00D0H.7       PUBLIC        CY
  B:0098H.1       PUBLIC        TI
  C:5A69H         PUBLIC        COS_TAB
  C:A4EAH         PUBLIC        _hua_dian
  C:B665H         PUBLIC        _hua_816
  D:0034H         PUBLIC        wmiao
  D:0035H         PUBLIC        wnian
  D:0036H         PUBLIC        ansdw
  D:0038H         PUBLIC        kaij
  D:0039H         PUBLIC        wdbc
  D:003AH         PUBLIC        color
  C:59E9H         PUBLIC        SIN_TAB
  C:A394H         PUBLIC        wanln
  D:003BH         PUBLIC        tcssd
  C:5B69H         PUBLIC        fensu
  C:59C5H         PUBLIC        huad
  D:00D9H         PUBLIC        CMOD
  D:00D8H         PUBLIC        CCON
  C:1B7CH         PUBLIC        sj1302
  C:B68AH         PUBLIC        huashidian
  C:B3A7H         PUBLIC        _Read1302
  D:003DH         PUBLIC        jishu
  C:002EH         PUBLIC        _xian_xiao
  C:B780H         PUBLIC        main
  C:A93BH         PUBLIC        bbc
  C:59D5H         PUBLIC        qufksz
  D:003EH         PUBLIC        LINE
  D:003FH         PUBLIC        erji
  D:0040H         PUBLIC        xinqi
  B:00A0H.7       PUBLIC        SHCP
  C:9EACH         PUBLIC        pinpu
  D:00BCH         PUBLIC        ADC_CONTR
  D:0099H         PUBLIC        SBUF
  D:0041H         PUBLIC        wfen
  C:85F5H         PUBLIC        erszxs
  C:B1F9H         PUBLIC        qing_huan_chong
  D:0098H         PUBLIC        SCON
  D:0042H         PUBLIC        ADC_Count
  C:B5B7H         PUBLIC        _Write1302
  D:0089H         PUBLIC        TMOD
  D:0088H         PUBLIC        TCON
  C:ACF7H         PUBLIC        biankuang
BL51 BANKED LINKER/LOCATER V6.00                                                      07/02/2014  19:19:58  PAGE 10


  D:0043H         PUBLIC        yiji
  C:9C9EH         PUBLIC        tcs_zhukong
  D:0044H         PUBLIC        temp
  C:658DH         PUBLIC        elsyx
  B:00B0H.5       PUBLIC        key_qu_ren
  C:AEABH         PUBLIC        qufk
  D:0046H         PUBLIC        wxinq
  C:606DH         PUBLIC        k1616
  B:0080H.6       PUBLIC        STCP
  C:94BAH         PUBLIC        _fenhang
  D:0047H         PUBLIC        COUNT1
  D:0048H         PUBLIC        wshi
  C:59C2H         PUBLIC        fhsz
  X:0040H         PUBLIC        LB1
  C:8DD2H         PUBLIC        yjszxs
  D:0049H         PUBLIC        hysj
  X:0080H         PUBLIC        LB2
  C:B0BCH         PUBLIC        qing_hong
  X:00C0H         PUBLIC        LB3
  C:A6AAH         PUBLIC        _qing_dian1
  D:008EH         PUBLIC        AUXR
  C:614DH         PUBLIC        xinq
  D:004AH         PUBLIC        sudu
  D:004BH         PUBLIC        foo
  D:004CH         PUBLIC        G
  C:B75BH         PUBLIC        _qu_816
  D:00E0H         PUBLIC        ACC
  B:0020H.0       PUBLIC        stop
  D:004DH         PUBLIC        ysfu
  B:00A8H.1       PUBLIC        ET0
  D:004EH         PUBLIC        fkx
  B:00A8H.3       PUBLIC        ET1
  D:004FH         PUBLIC        fky
  D:0050H         PUBLIC        xinz
  D:0051H         PUBLIC        wen
  D:0053H         PUBLIC        wyue
  D:0054H         PUBLIC        efenqian
  C:B6BEH         PUBLIC        qushidian
  D:008CH         PUBLIC        TH0
  D:008DH         PUBLIC        TH1
  D:0055H         PUBLIC        efenbai
  C:B32BH         PUBLIC        _hua_1616
  C:6E48H         PUBLIC        chan_shu
  C:B3D5H         PUBLIC        Initial
  D:0056H         PUBLIC        szxh
  B:00B0H.1       PUBLIC        key_jian
  B:00B0H.4       PUBLIC        ds1302cslk
  C:A5CBH         PUBLIC        _hua_dian1
  D:008AH         PUBLIC        TL0
  D:008BH         PUBLIC        TL1
  D:0057H         PUBLIC        ii
  D:0058H         PUBLIC        wri
  D:0059H         PUBLIC        jj
  B:00B8H.1       PUBLIC        PT0
  D:005AH         PUBLIC        ysh
  B:00B8H.3       PUBLIC        PT1
  D:005BH         PUBLIC        bianjie
BL51 BANKED LINKER/LOCATER V6.00                                                      07/02/2014  19:19:58  PAGE 11


  B:0088H.4       PUBLIC        TR0
  B:0088H.6       PUBLIC        TR1
  D:005CH         PUBLIC        miao1
  D:005DH         PUBLIC        nian1
  D:005EH         PUBLIC        miao2
  D:005FH         PUBLIC        nian2
  C:5C15H         PUBLIC        k88
  D:0060H         PUBLIC        kai_shi
  D:009DH         PUBLIC        P1ASF
  B:00E0H.7       PUBLIC        ACC_7
  C:76E1H         PUBLIC        FFT
  B:00B0H.0       PUBLIC        key_jia
  D:00BEH         PUBLIC        ADC_RESL
  D:0061H         PUBLIC        b
  D:00B7H         PUBLIC        IPH
  C:AAD7H         PUBLIC        tcs_qfyd
  D:0062H         PUBLIC        newfangx
  C:97CFH         PUBLIC        _hangyi
  D:0063H         PUBLIC        aaajjj
  D:0064H         PUBLIC        efenshi
  D:0065H         PUBLIC        TEMP1
  D:0067H         PUBLIC        i
  D:009CH         PUBLIC        BRT
  D:0068H         PUBLIC        j
  D:0069H         PUBLIC        k
  C:B03FH         PUBLIC        _tcs_huadian
  C:8A24H         PUBLIC        kai_ji
  C:0003H         PUBLIC        Ad_Control
  D:006AH         PUBLIC        fen1
  C:B25CH         PUBLIC        read_ds18b20_1T
  D:006BH         PUBLIC        fen2
  D:006CH         PUBLIC        TPH
  B:0020H.1       PUBLIC        xyz
  D:006DH         PUBLIC        fen3
  D:006EH         PUBLIC        efenge
  D:006FH         PUBLIC        fen4
  C:B4CEH         PUBLIC        tcs_sjd
  C:B56AH         PUBLIC        chanfk
  D:0070H         PUBLIC        p
  C:357CH         PUBLIC        _hua_88
  D:0071H         PUBLIC        TPL
  C:B725H         PUBLIC        _DS18B20_WriteByte_1T
  C:B7DAH         PUBLIC        _delay
  C:B620H         PUBLIC        pinpufft
  D:0072H         PUBLIC        kai_sh
  C:B7ACH         PUBLIC        DS18B20_Reset_1T
  D:00A2H         PUBLIC        AUXR1
  C:5AE9H         PUBLIC        LIST_TAB
  C:9177H         PUBLIC        sjcscsh
  C:B1A2H         PUBLIC        _qu_1616
  D:0073H         PUBLIC        foo1
  D:0074H         PUBLIC        shi1
  C:A783H         PUBLIC        tcskais
  C:B125H         PUBLIC        qing_nv
  D:0075H         PUBLIC        shi2
  D:0076H         PUBLIC        yangshi
  B:00A0H.2       PUBLIC        G1
BL51 BANKED LINKER/LOCATER V6.00                                                      07/02/2014  19:19:58  PAGE 12


  D:0077H         PUBLIC        shi3
  B:00B0H.3       PUBLIC        ds1302io
  B:00A0H.0       PUBLIC        G2
  C:AA12H         PUBLIC        _gunzhi
  D:0078H         PUBLIC        shi4
  C:B5E8H         PUBLIC        tcs_jc
  B:0080H.3       PUBLIC        ds1302rst
  D:00D0H         PUBLIC        PSW
  X:0188H         PUBLIC        ttb1
  X:0288H         PUBLIC        ttb2
  D:0094H         PUBLIC        P0M0
  -------         PROC          L?3186
  -------         ENDPROC       L?3186
  -------         PROC          _SCAN
  D:0007H         SYMBOL        Value
  C:ABAAH         LINE#         49
  C:ABAAH         LINE#         50
  C:ABAAH         LINE#         51
  C:ABEAH         LINE#         52
  C:ABEAH         LINE#         53
  C:ABEEH         LINE#         54
  C:ABF4H         LINE#         55
  C:ABFAH         LINE#         56
  C:AC03H         LINE#         57
  C:AC07H         LINE#         58
  C:AC0DH         LINE#         59
  C:AC13H         LINE#         60
  C:AC1CH         LINE#         61
  C:AC20H         LINE#         62
  C:AC26H         LINE#         63
  C:AC2CH         LINE#         64
  C:AC35H         LINE#         65
  C:AC39H         LINE#         66
  C:AC3FH         LINE#         67
  C:AC45H         LINE#         68
  C:AC4DH         LINE#         69
  C:AC4DH         LINE#         70
  C:AC4DH         LINE#         71
  -------         ENDPROC       _SCAN
  -------         PROC          INIT
  C:A239H         LINE#         76
  C:A239H         LINE#         77
  C:A239H         LINE#         80
  C:A23CH         LINE#         82
  C:A23FH         LINE#         83
  C:A242H         LINE#         85
  C:A245H         LINE#         86
  C:A248H         LINE#         88
  C:A24BH         LINE#         89
  C:A24DH         LINE#         93
  C:A250H         LINE#         94
  C:A252H         LINE#         95
  C:A255H         LINE#         96
  C:A263H         LINE#         97
  C:A272H         LINE#         98
  C:A281H         LINE#         99
  C:A290H         LINE#         100
BL51 BANKED LINKER/LOCATER V6.00                                                      07/02/2014  19:19:58  PAGE 13


  C:A29FH         LINE#         101
  C:A2AEH         LINE#         102
  C:A2B6H         LINE#         103
  C:A2BEH         LINE#         104
  C:A2C1H         LINE#         105
  C:A2C4H         LINE#         106
  C:A2C7H         LINE#         107
  C:A2CAH         LINE#         108
  C:A2CDH         LINE#         109
  C:A2D0H         LINE#         110
  C:A2D3H         LINE#         111
  C:A2D5H         LINE#         112
  C:A2D7H         LINE#         113
  C:A2D9H         LINE#         114
  C:A2DBH         LINE#         115
  C:A2DDH         LINE#         116
  C:A2DFH         LINE#         117
  C:A2E2H         LINE#         118
  C:A2E5H         LINE#         121
  C:A2E8H         LINE#         122
  C:A2EBH         LINE#         123
  C:A2EEH         LINE#         124
  C:A2F1H         LINE#         126
  C:A2F4H         LINE#         127
  C:A2F7H         LINE#         128
  C:A2FAH         LINE#         129
  C:A2FCH         LINE#         131
  C:A2FEH         LINE#         132
  C:A301H         LINE#         133
  C:A304H         LINE#         134
  C:A306H         LINE#         135
  C:A30CH         LINE#         136
  C:A313H         LINE#         137
  C:A316H         LINE#         138
  C:A319H         LINE#         140
  C:A31CH         LINE#         141
  C:A31CH         LINE#         142
  C:A329H         LINE#         143
  C:A336H         LINE#         144
  C:A33DH         LINE#         145
  C:A343H         LINE#         146
  C:A343H         LINE#         147
  C:A345H         LINE#         148
  C:A345H         LINE#         149
  C:A358H         LINE#         151
  C:A35FH         LINE#         152
  C:A369H         LINE#         153
  C:A373H         LINE#         154
  C:A37DH         LINE#         155
  C:A387H         LINE#         156
  C:A38DH         LINE#         157
  C:A38DH         LINE#         158
  C:A390H         LINE#         159
  C:A393H         LINE#         161
  -------         ENDPROC       INIT
  -------         PROC          ADC_FINISH
  C:AFBEH         LINE#         165
BL51 BANKED LINKER/LOCATER V6.00                                                      07/02/2014  19:19:58  PAGE 14


  C:AFD5H         LINE#         167
  C:AFD8H         LINE#         168
  C:B01BH         LINE#         169
  C:B026H         LINE#         170
  C:B02AH         LINE#         171
  -------         ENDPROC       ADC_FINISH
  -------         PROC          BBC
  C:A93BH         LINE#         173
  C:A946H         LINE#         175
  C:A94BH         LINE#         176
  C:A951H         LINE#         177
  C:A951H         LINE#         178
  C:A953H         LINE#         179
  C:A956H         LINE#         180
  C:A99DH         LINE#         181
  C:A9AEH         LINE#         182
  C:A9C0H         LINE#         183
  C:A9D2H         LINE#         184
  C:A9E4H         LINE#         185
  C:A9F2H         LINE#         186
  C:AA00H         LINE#         187
  C:AA03H         LINE#         188
  C:AA03H         LINE#         190
  -------         ENDPROC       BBC
  -------         PROC          LED_DISPLAY
  C:B47DH         LINE#         192
  C:B49AH         LINE#         194
  C:B4A1H         LINE#         195
  C:B4A9H         LINE#         196
  C:B4B3H         LINE#         197
  -------         ENDPROC       LED_DISPLAY
  -------         PROC          AD_CONTROL
  C:0003H         LINE#         198
  C:0003H         LINE#         200
  C:0006H         LINE#         201
  -------         ENDPROC       AD_CONTROL
  -------         PROC          MAIN
  C:B780H         LINE#         203
  C:B780H         LINE#         204
  C:B780H         LINE#         205
  C:B783H         LINE#         206
  C:B783H         LINE#         207
  C:B783H         LINE#         208
  C:B78AH         LINE#         209
  C:B792H         LINE#         210
  C:B79AH         LINE#         211
  C:B7A2H         LINE#         212
  C:B7AAH         LINE#         213
  -------         ENDPROC       MAIN
  -------         PROC          PINPU
  C:9EACH         LINE#         218
  C:9EACH         LINE#         219
  C:9EACH         LINE#         220
  C:9EAFH         LINE#         221
  C:9EB2H         LINE#         222
  C:9EBAH         LINE#         223
  C:9EC2H         LINE#         229
BL51 BANKED LINKER/LOCATER V6.00                                                      07/02/2014  19:19:58  PAGE 15


  C:9EC5H         LINE#         230
  C:9EC5H         LINE#         231
  C:9ECBH         LINE#         232
  C:9ECBH         LINE#         233
  C:9EEFH         LINE#         234
  C:9EF1H         LINE#         235
  C:9EFBH         LINE#         236
  C:9EFDH         LINE#         238
  C:9F13H         LINE#         239
  C:9F29H         LINE#         240
  C:9F2DH         LINE#         241
  C:9F2DH         LINE#         242
  C:9F31H         LINE#         243
  C:9F31H         LINE#         244
  C:9F55H         LINE#         245
  C:9F57H         LINE#         246
  C:9F61H         LINE#         247
  C:9F63H         LINE#         249
  C:9F79H         LINE#         250
  C:9F8FH         LINE#         251
  C:9F93H         LINE#         252
  C:9F93H         LINE#         253
  C:9F95H         LINE#         254
  C:9F96H         LINE#         255
  C:9F97H         LINE#         256
  C:9F98H         LINE#         257
  C:9F9AH         LINE#         258
  C:9FA5H         LINE#         259
  C:9FA8H         LINE#         260
  C:9FB1H         LINE#         261
  C:9FB3H         LINE#         262
  C:9FB4H         LINE#         263
  C:9FB5H         LINE#         264
  C:9FB6H         LINE#         265
  C:9FB8H         LINE#         266
  C:9FBBH         LINE#         270
  C:9FC6H         LINE#         271
  C:9FC9H         LINE#         272
  C:9FCCH         LINE#         273
  C:9FCCH         LINE#         274
  C:9FDDH         LINE#         275
  C:9FEBH         LINE#         276
  C:9FF2H         LINE#         277
  C:9FF6H         LINE#         279
  C:9FF9H         LINE#         280
  C:A000H         LINE#         281
  C:A003H         LINE#         282
  C:A003H         LINE#         283
  C:A006H         LINE#         284
  C:A006H         LINE#         285
  C:A014H         LINE#         286
  C:A014H         LINE#         287
  C:A03AH         LINE#         288
  C:A03CH         LINE#         290
  C:A04AH         LINE#         291
  C:A04CH         LINE#         292
  C:A04EH         LINE#         293
BL51 BANKED LINKER/LOCATER V6.00                                                      07/02/2014  19:19:58  PAGE 16


  C:A050H         LINE#         295
  C:A052H         LINE#         296
  C:A059H         LINE#         297
  C:A063H         LINE#         298
  C:A07BH         LINE#         299
  C:A07BH         LINE#         300
  C:A085H         LINE#         301
  C:A0A6H         LINE#         302
  C:A0A6H         LINE#         303
  -------         ENDPROC       PINPU
  -------         PROC          FFT
  C:76E1H         LINE#         307
  C:76E1H         LINE#         308
  C:76E1H         LINE#         309
  C:76E4H         LINE#         310
  C:76E4H         LINE#         311
  C:76E7H         LINE#         312
  C:76F8H         LINE#         313
  C:7708H         LINE#         314
  C:7708H         LINE#         315
  C:770BH         LINE#         316
  C:771EH         LINE#         317
  C:7724H         LINE#         318
  C:7731H         LINE#         319
  C:7731H         LINE#         320
  C:7770H         LINE#         321
  C:77F6H         LINE#         322
  C:7879H         LINE#         323
  C:78F0H         LINE#         324
  C:7957H         LINE#         325
  C:7979H         LINE#         326
  C:799BH         LINE#         327
  C:79C0H         LINE#         328
  C:79E1H         LINE#         329
  C:79ECH         LINE#         330
  C:79F1H         LINE#         331
  C:79FCH         LINE#         332
  C:7A09H         LINE#         333
  C:7A0BH         LINE#         334
  C:7A0BH         LINE#         335
  C:7A65H         LINE#         336
  C:7A78H         LINE#         337
  C:7A8CH         LINE#         338
  C:7AA0H         LINE#         339
  C:7AB4H         LINE#         340
  C:7AC8H         LINE#         341
  C:7ADCH         LINE#         342
  C:7AF0H         LINE#         343
  C:7B04H         LINE#         344
  C:7B18H         LINE#         345
  C:7B2CH         LINE#         346
  C:7B40H         LINE#         347
  C:7B54H         LINE#         348
  C:7B68H         LINE#         349
  C:7B7CH         LINE#         350
  C:7B8CH         LINE#         351
  C:7BA0H         LINE#         352
BL51 BANKED LINKER/LOCATER V6.00                                                      07/02/2014  19:19:58  PAGE 17


  C:7BB4H         LINE#         353
  C:7BC8H         LINE#         354
  C:7BDCH         LINE#         355
  C:7BF0H         LINE#         356
  C:7C04H         LINE#         357
  C:7C18H         LINE#         358
  C:7C2CH         LINE#         359
  C:7C40H         LINE#         360
  C:7C53H         LINE#         361
  C:7C66H         LINE#         362
  C:7C79H         LINE#         363
  C:7C8CH         LINE#         364
  C:7C9FH         LINE#         365
  C:7CB2H         LINE#         366
  C:7CC1H         LINE#         367
  C:7CC7H         LINE#         368
  C:7CECH         LINE#         369
  C:7D03H         LINE#         370
  C:7D03H         LINE#         371
  C:7D11H         LINE#         372
  C:7D1FH         LINE#         373
  C:7D1FH         LINE#         374
  C:7D2AH         LINE#         375
  -------         ENDPROC       FFT
  -------         PROC          PINPUFFT
  C:B620H         LINE#         380
  C:B620H         LINE#         381
  C:B620H         LINE#         382
  C:B623H         LINE#         383
  C:B625H         LINE#         384
  C:B627H         LINE#         385
  C:B62EH         LINE#         386
  C:B631H         LINE#         387
  C:B631H         LINE#         388
  C:B642H         LINE#         389
  C:B649H         LINE#         390
  C:B64CH         LINE#         391
  C:B652H         LINE#         392
  C:B652H         LINE#         393
  C:B652H         LINE#         394
  C:B655H         LINE#         395
  C:B655H         LINE#         396
  -------         ENDPROC       PINPUFFT
  C:B7D6H         SYMBOL        L?3162
  -------         PROC          L?3161
  -------         ENDPROC       L?3161
  C:B7D6H         SYMBOL        L?3162
  -------         PROC          _DELAY
  D:0006H         SYMBOL        ran_shi
  C:B7DAH         LINE#         400
  C:B7DAH         LINE#         401
  C:B7DAH         LINE#         402
  C:B7E4H         LINE#         403
  C:B7E4H         LINE#         404
  C:B7E5H         LINE#         405
  C:B7E6H         LINE#         406
  C:B7E8H         LINE#         407
BL51 BANKED LINKER/LOCATER V6.00                                                      07/02/2014  19:19:58  PAGE 18


  -------         ENDPROC       _DELAY
  -------         PROC          DS18B20_RESET_1T
  C:B7ACH         LINE#         410
  C:B7ACH         LINE#         411
  C:B7ACH         LINE#         412
  C:B7AEH         LINE#         413
  C:B7B1H         LINE#         414
  C:B7B1H         LINE#         415
  C:B7B3H         LINE#         416
  C:B7BAH         LINE#         417
  C:B7C1H         LINE#         418
  C:B7C3H         LINE#         419
  C:B7CAH         LINE#         420
  C:B7CCH         LINE#         421
  C:B7D3H         LINE#         422
  C:B7D5H         LINE#         423
  -------         ENDPROC       DS18B20_RESET_1T
  -------         PROC          DS18B20_READBYTE_1T
  -------         DO            
  D:0005H         SYMBOL        dat
  -------         ENDDO         
  C:B6F2H         LINE#         426
  C:B6F2H         LINE#         427
  C:B6F2H         LINE#         428
  C:B6F4H         LINE#         429
  C:B6F6H         LINE#         430
  C:B6F6H         LINE#         431
  C:B6FAH         LINE#         432
  C:B6FCH         LINE#         433
  C:B703H         LINE#         434
  C:B705H         LINE#         435
  C:B70CH         LINE#         436
  C:B712H         LINE#         437
  C:B719H         LINE#         438
  C:B722H         LINE#         439
  C:B724H         LINE#         440
  -------         ENDPROC       DS18B20_READBYTE_1T
  -------         PROC          _DS18B20_WRITEBYTE_1T
  D:0005H         SYMBOL        dat
  C:B725H         LINE#         443
  C:B727H         LINE#         444
  C:B727H         LINE#         445
  C:B72AH         LINE#         446
  C:B72AH         LINE#         447
  C:B72CH         LINE#         448
  C:B733H         LINE#         449
  C:B737H         LINE#         450
  C:B739H         LINE#         451
  C:B740H         LINE#         452
  C:B742H         LINE#         453
  C:B749H         LINE#         454
  C:B752H         LINE#         455
  -------         ENDPROC       _DS18B20_WRITEBYTE_1T
  -------         PROC          READ_DS18B20_1T
  C:B25CH         LINE#         459
  C:B25CH         LINE#         460
  C:B25CH         LINE#         461
BL51 BANKED LINKER/LOCATER V6.00                                                      07/02/2014  19:19:58  PAGE 19


  C:B25FH         LINE#         462
  C:B262H         LINE#         463
  C:B267H         LINE#         464
  C:B26CH         LINE#         465
  C:B271H         LINE#         466
  C:B276H         LINE#         467
  C:B27DH         LINE#         468
  C:B27DH         LINE#         469
  C:B280H         LINE#         470
  C:B283H         LINE#         471
  C:B283H         LINE#         472
  C:B2B2H         LINE#         473
  C:B2B5H         LINE#         474
  C:B2BAH         LINE#         475
  -------         ENDPROC       READ_DS18B20_1T
  -------         PROC          L?3188
  -------         ENDPROC       L?3188
  -------         PROC          _WRITE1302
  D:0007H         SYMBOL        addr
  D:0005H         SYMBOL        dat
  -------         DO            
  D:0006H         SYMBOL        temp2
  -------         ENDDO         
  C:B5B7H         LINE#         480
  C:B5B7H         LINE#         481
  C:B5B7H         LINE#         483
  C:B5B9H         LINE#         484
  C:B5BBH         LINE#         485
  C:B5BDH         LINE#         486
  C:B5C0H         LINE#         487
  C:B5C0H         LINE#         488
  C:B5C2H         LINE#         489
  C:B5C4H         LINE#         490
  C:B5C8H         LINE#         491
  C:B5CCH         LINE#         492
  C:B5CEH         LINE#         493
  C:B5D1H         LINE#         495
  C:B5D4H         LINE#         496
  C:B5D4H         LINE#         497
  C:B5D6H         LINE#         498
  C:B5D8H         LINE#         499
  C:B5DCH         LINE#         500
  C:B5E0H         LINE#         501
  C:B5E2H         LINE#         502
  C:B5E5H         LINE#         503
  C:B5E7H         LINE#         504
  -------         ENDPROC       _WRITE1302
  -------         PROC          L?3178
  -------         ENDPROC       L?3178
  -------         PROC          _READ1302
  D:0007H         SYMBOL        addr
  -------         DO            
  D:0006H         SYMBOL        temp2
  D:0007H         SYMBOL        dat1
  -------         ENDDO         
  C:B3A7H         LINE#         506
  C:B3A7H         LINE#         507
BL51 BANKED LINKER/LOCATER V6.00                                                      07/02/2014  19:19:58  PAGE 20


  C:B3A7H         LINE#         509
  C:B3A9H         LINE#         510
  C:B3ABH         LINE#         511
  C:B3ADH         LINE#         512
  C:B3B0H         LINE#         513
  C:B3B0H         LINE#         514
  C:B3B2H         LINE#         515
  C:B3B4H         LINE#         516
  C:B3B8H         LINE#         517
  C:B3BCH         LINE#         518
  C:B3BEH         LINE#         519
  C:B3C1H         LINE#         521
  C:B3C4H         LINE#         522
  C:B3C4H         LINE#         523
  C:B3C8H         LINE#         524
  C:B3CAH         LINE#         525
  C:B3CCH         LINE#         526
  C:B3CEH         LINE#         527
  C:B3D1H         LINE#         528
  C:B3D3H         LINE#         529
  C:B3D4H         LINE#         530
  C:B3D4H         LINE#         531
  -------         ENDPROC       _READ1302
  -------         PROC          INITIAL
  C:B3D5H         LINE#         533
  C:B3D5H         LINE#         534
  C:B3D5H         LINE#         535
  C:B3DCH         LINE#         536
  C:B3EFH         LINE#         537
  C:B3EFH         LINE#         538
  C:B3EFH         LINE#         539
  C:B3F2H         LINE#         540
  C:B3F9H         LINE#         541
  C:B400H         LINE#         542
  C:B407H         LINE#         543
  C:B40EH         LINE#         544
  C:B415H         LINE#         545
  C:B41CH         LINE#         546
  C:B423H         LINE#         547
  C:B42AH         LINE#         548
  C:B42AH         LINE#         549
  -------         ENDPROC       INITIAL
  -------         PROC          ELSYX
  C:658DH         LINE#         553
  C:658DH         LINE#         554
  C:658DH         LINE#         555
  C:6590H         LINE#         556
  C:6593H         LINE#         557
  C:6596H         LINE#         558
  C:6596H         LINE#         559
  C:659DH         LINE#         560
  C:659DH         LINE#         561
  C:65A4H         LINE#         562
  C:65A4H         LINE#         563
  C:65A6H         LINE#         564
  C:65B0H         LINE#         565
  C:65B7H         LINE#         566
BL51 BANKED LINKER/LOCATER V6.00                                                      07/02/2014  19:19:58  PAGE 21


  C:65B7H         LINE#         567
  C:65E8H         LINE#         569
  C:65E8H         LINE#         570
  C:65EEH         LINE#         571
  C:65EEH         LINE#         572
  C:65F2H         LINE#         573
  C:65F2H         LINE#         574
  C:65F4H         LINE#         576
  C:65F4H         LINE#         577
  C:65F8H         LINE#         578
  C:65FFH         LINE#         580
  C:65FFH         LINE#         581
  C:662CH         LINE#         582
  C:6654H         LINE#         583
  C:6654H         LINE#         584
  C:6656H         LINE#         585
  C:6656H         LINE#         588
  C:6656H         LINE#         589
  C:665FH         LINE#         590
  C:665FH         LINE#         591
  C:6669H         LINE#         592
  C:6669H         LINE#         593
  C:6673H         LINE#         594
  C:6673H         LINE#         595
  C:6677H         LINE#         596
  C:6677H         LINE#         597
  C:6679H         LINE#         598
  C:667BH         LINE#         599
  C:667DH         LINE#         601
  C:667DH         LINE#         602
  C:667FH         LINE#         603
  C:6681H         LINE#         604
  C:6681H         LINE#         606
  C:668BH         LINE#         607
  C:668BH         LINE#         608
  C:66C9H         LINE#         609
  C:66D0H         LINE#         610
  C:66D0H         LINE#         611
  C:66DCH         LINE#         612
  C:66DCH         LINE#         613
  C:66E2H         LINE#         614
  C:66F6H         LINE#         615
  C:66F6H         LINE#         617
  C:66F6H         LINE#         622
  C:672DH         LINE#         623
  C:6736H         LINE#         624
  C:6736H         LINE#         625
  C:673DH         LINE#         626
  C:673DH         LINE#         627
  C:6751H         LINE#         628
  C:6751H         LINE#         629
  C:6751H         LINE#         630
  C:6751H         LINE#         631
  C:675AH         LINE#         632
  C:675AH         LINE#         633
  C:675EH         LINE#         634
  C:6762H         LINE#         635
BL51 BANKED LINKER/LOCATER V6.00                                                      07/02/2014  19:19:58  PAGE 22


  C:6762H         LINE#         636
  C:6765H         LINE#         638
  C:6765H         LINE#         640
  C:6767H         LINE#         641
  C:6769H         LINE#         642
  C:676DH         LINE#         643
  C:6777H         LINE#         645
  C:6777H         LINE#         646
  C:677DH         LINE#         647
  C:677DH         LINE#         648
  C:67AAH         LINE#         649
  C:67D2H         LINE#         650
  C:67D2H         LINE#         651
  C:67D8H         LINE#         652
  C:67D8H         LINE#         653
  C:6805H         LINE#         654
  C:682DH         LINE#         655
  C:682DH         LINE#         656
  C:6833H         LINE#         657
  C:6833H         LINE#         658
  C:6860H         LINE#         659
  C:6888H         LINE#         660
  C:6888H         LINE#         661
  C:688EH         LINE#         662
  C:688EH         LINE#         663
  C:68BBH         LINE#         664
  C:68E3H         LINE#         665
  C:68E3H         LINE#         666
  C:68E9H         LINE#         667
  C:68E9H         LINE#         668
  C:6916H         LINE#         669
  C:693EH         LINE#         670
  C:693EH         LINE#         671
  C:6944H         LINE#         672
  C:6944H         LINE#         673
  C:6971H         LINE#         674
  C:6999H         LINE#         675
  C:6999H         LINE#         676
  C:699FH         LINE#         677
  C:699FH         LINE#         678
  C:69CCH         LINE#         679
  C:69F4H         LINE#         680
  C:69F4H         LINE#         681
  C:69FAH         LINE#         682
  C:69FAH         LINE#         683
  C:6A27H         LINE#         684
  C:6A5AH         LINE#         685
  C:6A5AH         LINE#         686
  C:6A60H         LINE#         687
  C:6A60H         LINE#         688
  C:6A8DH         LINE#         689
  C:6AC0H         LINE#         690
  C:6AC0H         LINE#         691
  C:6AC6H         LINE#         692
  C:6AC6H         LINE#         693
  C:6AF3H         LINE#         694
  C:6B29H         LINE#         695
BL51 BANKED LINKER/LOCATER V6.00                                                      07/02/2014  19:19:58  PAGE 23


  C:6B29H         LINE#         696
  C:6B2FH         LINE#         697
  C:6B2FH         LINE#         698
  C:6B5CH         LINE#         699
  C:6B92H         LINE#         700
  C:6B92H         LINE#         701
  C:6B98H         LINE#         702
  C:6B98H         LINE#         703
  C:6BC5H         LINE#         704
  C:6BFBH         LINE#         705
  C:6BFBH         LINE#         706
  C:6C01H         LINE#         707
  C:6C01H         LINE#         708
  C:6C2EH         LINE#         709
  C:6C64H         LINE#         710
  C:6C64H         LINE#         711
  C:6C6AH         LINE#         712
  C:6C6AH         LINE#         713
  C:6C97H         LINE#         714
  C:6CCEH         LINE#         715
  C:6CCEH         LINE#         717
  C:6CCEH         LINE#         718
  C:6CCEH         LINE#         719
  C:6CCEH         LINE#         720
  C:6CCEH         LINE#         721
  C:6CD7H         LINE#         722
  C:6CD7H         LINE#         723
  C:6CDEH         LINE#         724
  C:6CDEH         LINE#         725
  C:6CE2H         LINE#         726
  C:6CECH         LINE#         727
  C:6CF3H         LINE#         728
  C:6CF3H         LINE#         729
  C:6D24H         LINE#         731
  C:6D24H         LINE#         732
  C:6D2AH         LINE#         733
  C:6D2AH         LINE#         734
  C:6D2EH         LINE#         735
  C:6D2EH         LINE#         736
  C:6D30H         LINE#         738
  C:6D30H         LINE#         739
  C:6D34H         LINE#         740
  C:6D36H         LINE#         741
  C:6D38H         LINE#         742
  C:6D3FH         LINE#         743
  C:6D3FH         LINE#         744
  C:6D6CH         LINE#         745
  C:6DA2H         LINE#         746
  C:6DA2H         LINE#         747
  C:6DA2H         LINE#         748
  C:6DA2H         LINE#         749
  C:6DA4H         LINE#         750
  C:6DABH         LINE#         751
  C:6DADH         LINE#         752
  C:6DB9H         LINE#         753
  C:6DB9H         LINE#         754
  C:6DB9H         LINE#         755
BL51 BANKED LINKER/LOCATER V6.00                                                      07/02/2014  19:19:58  PAGE 24


  C:6DB9H         LINE#         756
  C:6DB9H         LINE#         757
  C:6DBCH         LINE#         758
  C:6DBFH         LINE#         759
  C:6DCDH         LINE#         760
  C:6DCFH         LINE#         761
  C:6DD8H         LINE#         762
  C:6DD8H         LINE#         763
  C:6DDAH         LINE#         764
  C:6DDDH         LINE#         765
  C:6DE4H         LINE#         766
  C:6DE7H         LINE#         767
  C:6DEAH         LINE#         768
  C:6DEAH         LINE#         769
  C:6DEAH         LINE#         770
  C:6E0FH         LINE#         771
  C:6E0FH         LINE#         772
  C:6E19H         LINE#         773
  C:6E47H         LINE#         774
  C:6E47H         LINE#         775
  -------         ENDPROC       ELSYX
  -------         PROC          ELSFK
  C:81C3H         LINE#         779
  C:81C3H         LINE#         780
  C:81C3H         LINE#         781
  C:81CBH         LINE#         782
  C:81DBH         LINE#         783
  C:81DBH         LINE#         784
  C:81DDH         LINE#         785
  C:81DDH         LINE#         786
  C:81F0H         LINE#         788
  C:81F7H         LINE#         789
  C:8201H         LINE#         790
  C:820BH         LINE#         791
  C:8215H         LINE#         792
  C:821FH         LINE#         793
  C:8222H         LINE#         794
  C:822BH         LINE#         795
  C:822BH         LINE#         796
  C:8243H         LINE#         797
  C:8243H         LINE#         798
  C:824AH         LINE#         799
  C:8262H         LINE#         800
  C:8265H         LINE#         801
  C:8267H         LINE#         802
  C:8270H         LINE#         803
  C:8270H         LINE#         804
  C:8277H         LINE#         806
  C:8277H         LINE#         807
  C:828FH         LINE#         808
  C:828FH         LINE#         809
  C:8296H         LINE#         810
  C:82AEH         LINE#         811
  C:82B1H         LINE#         812
  C:82B4H         LINE#         813
  C:82B6H         LINE#         814
  C:82B6H         LINE#         815
BL51 BANKED LINKER/LOCATER V6.00                                                      07/02/2014  19:19:58  PAGE 25


  C:82BDH         LINE#         817
  C:82BDH         LINE#         818
  C:82D8H         LINE#         819
  C:82D8H         LINE#         820
  C:82DFH         LINE#         821
  C:82FAH         LINE#         822
  C:82FAH         LINE#         823
  C:8302H         LINE#         824
  C:8302H         LINE#         825
  C:8305H         LINE#         826
  C:8307H         LINE#         827
  C:830DH         LINE#         828
  C:8315H         LINE#         829
  C:8317H         LINE#         830
  C:831AH         LINE#         831
  C:831CH         LINE#         832
  C:831FH         LINE#         833
  C:8321H         LINE#         834
  C:8345H         LINE#         835
  C:8348H         LINE#         836
  C:834BH         LINE#         837
  C:834EH         LINE#         838
  C:8351H         LINE#         839
  C:835DH         LINE#         840
  C:8369H         LINE#         841
  C:838DH         LINE#         842
  C:8390H         LINE#         843
  C:8393H         LINE#         844
  C:839FH         LINE#         845
  C:83ABH         LINE#         846
  C:83B0H         LINE#         847
  C:83B0H         LINE#         848
  C:83B0H         LINE#         849
  C:83B3H         LINE#         850
  C:83B3H         LINE#         851
  C:83B6H         LINE#         852
  C:83B9H         LINE#         853
  C:83C9H         LINE#         854
  C:83C9H         LINE#         855
  C:83E1H         LINE#         856
  C:83E1H         LINE#         857
  C:83E8H         LINE#         858
  C:8400H         LINE#         859
  C:8403H         LINE#         860
  C:840AH         LINE#         861
  C:840AH         LINE#         862
  C:840DH         LINE#         863
  C:840FH         LINE#         864
  C:8417H         LINE#         865
  C:841AH         LINE#         866
  C:841AH         LINE#         867
  C:841AH         LINE#         868
  C:8421H         LINE#         869
  C:8421H         LINE#         870
  C:8439H         LINE#         871
  C:8439H         LINE#         872
  C:8440H         LINE#         873
BL51 BANKED LINKER/LOCATER V6.00                                                      07/02/2014  19:19:58  PAGE 26


  C:8458H         LINE#         874
  C:845BH         LINE#         875
  C:845EH         LINE#         876
  C:8460H         LINE#         877
  C:8468H         LINE#         878
  C:846BH         LINE#         879
  C:846BH         LINE#         880
  C:8472H         LINE#         881
  C:8472H         LINE#         882
  C:848AH         LINE#         883
  C:848AH         LINE#         884
  C:8491H         LINE#         885
  C:84A9H         LINE#         886
  C:84ACH         LINE#         887
  C:84AFH         LINE#         888
  C:84B1H         LINE#         889
  C:84B9H         LINE#         890
  C:84C3H         LINE#         891
  C:84C6H         LINE#         892
  C:84C6H         LINE#         893
  C:84C9H         LINE#         894
  C:84D0H         LINE#         896
  C:84D0H         LINE#         898
  C:84E8H         LINE#         899
  C:84E8H         LINE#         900
  C:84EFH         LINE#         901
  C:8507H         LINE#         902
  C:8507H         LINE#         904
  C:850AH         LINE#         905
  C:8519H         LINE#         906
  C:8519H         LINE#         907
  C:851CH         LINE#         908
  C:851EH         LINE#         909
  C:8524H         LINE#         910
  C:8524H         LINE#         912
  C:8527H         LINE#         913
  C:8529H         LINE#         914
  C:852CH         LINE#         915
  C:852EH         LINE#         916
  C:852EH         LINE#         917
  C:8533H         LINE#         918
  C:8533H         LINE#         922
  C:8536H         LINE#         923
  C:8536H         LINE#         924
  C:853DH         LINE#         925
  C:853FH         LINE#         926
  C:8542H         LINE#         927
  C:8542H         LINE#         928
  C:8549H         LINE#         929
  C:8549H         LINE#         932
  C:8552H         LINE#         933
  C:8552H         LINE#         934
  C:8555H         LINE#         935
  C:8557H         LINE#         936
  C:855FH         LINE#         937
  C:855FH         LINE#         938
  C:8561H         LINE#         939
BL51 BANKED LINKER/LOCATER V6.00                                                      07/02/2014  19:19:58  PAGE 27


  C:8564H         LINE#         940
  C:8567H         LINE#         941
  C:856AH         LINE#         942
  C:8572H         LINE#         943
  C:8572H         LINE#         944
  C:8575H         LINE#         945
  C:857CH         LINE#         946
  C:857FH         LINE#         947
  C:8586H         LINE#         948
  C:8589H         LINE#         949
  C:8589H         LINE#         950
  C:859CH         LINE#         952
  C:85A3H         LINE#         953
  C:85ADH         LINE#         954
  C:85B7H         LINE#         955
  C:85C1H         LINE#         956
  C:85CBH         LINE#         957
  C:85CEH         LINE#         958
  C:85D1H         LINE#         959
  C:85D1H         LINE#         961
  C:85D1H         LINE#         962
  C:85D4H         LINE#         963
  C:85DCH         LINE#         964
  C:85DFH         LINE#         965
  C:85DFH         LINE#         966
  C:85E8H         LINE#         967
  C:85EBH         LINE#         968
  C:85F1H         LINE#         969
  C:85F1H         LINE#         970
  C:85F1H         LINE#         971
  C:85F4H         LINE#         972
  C:85F4H         LINE#         973
  -------         ENDPROC       ELSFK
  -------         PROC          QUFK
  C:AEABH         LINE#         975
  C:AEABH         LINE#         976
  C:AEABH         LINE#         977
  C:AEAEH         LINE#         978
  C:AEAEH         LINE#         979
  C:AED3H         LINE#         980
  C:AED6H         LINE#         981
  C:AED6H         LINE#         982
  C:AEDFH         LINE#         983
  C:AEDFH         LINE#         984
  C:AF1CH         LINE#         985
  C:AF1CH         LINE#         986
  C:AF22H         LINE#         987
  C:AF29H         LINE#         988
  C:AF34H         LINE#         989
  -------         ENDPROC       QUFK
  -------         PROC          XIEFK
  -------         DO            
  D:0006H         SYMBOL        fkxie
  -------         ENDDO         
  C:B2BFH         LINE#         991
  C:B2BFH         LINE#         992
  C:B2BFH         LINE#         994
BL51 BANKED LINKER/LOCATER V6.00                                                      07/02/2014  19:19:58  PAGE 28


  C:B2C2H         LINE#         995
  C:B2C2H         LINE#         996
  C:B2E8H         LINE#         997
  C:B2F5H         LINE#         998
  C:B317H         LINE#         999
  C:B31EH         LINE#         1000
  -------         ENDPROC       XIEFK
  -------         PROC          CHANFK
  C:B56AH         LINE#         1004
  C:B56AH         LINE#         1005
  C:B56AH         LINE#         1006
  C:B587H         LINE#         1007
  C:B58AH         LINE#         1008
  C:B58DH         LINE#         1009
  C:B590H         LINE#         1010
  C:B593H         LINE#         1011
  C:B59FH         LINE#         1012
  C:B5ABH         LINE#         1013
  -------         ENDPROC       CHANFK
  -------         PROC          MANFK
  C:A0A7H         LINE#         1017
  C:A0A7H         LINE#         1018
  C:A0A7H         LINE#         1019
  C:A0AAH         LINE#         1020
  C:A0ADH         LINE#         1021
  C:A0ADH         LINE#         1022
  C:A0C5H         LINE#         1023
  C:A0C5H         LINE#         1024
  C:A0C7H         LINE#         1025
  C:A0D8H         LINE#         1026
  C:A0D8H         LINE#         1027
  C:A0DFH         LINE#         1028
  C:A0E2H         LINE#         1029
  C:A0E5H         LINE#         1030
  C:A0E5H         LINE#         1031
  C:A10DH         LINE#         1032
  C:A114H         LINE#         1033
  C:A117H         LINE#         1034
  C:A11AH         LINE#         1035
  C:A11AH         LINE#         1036
  C:A143H         LINE#         1037
  C:A14AH         LINE#         1038
  C:A14DH         LINE#         1039
  C:A150H         LINE#         1040
  C:A150H         LINE#         1041
  C:A164H         LINE#         1042
  C:A164H         LINE#         1043
  C:A167H         LINE#         1044
  C:A171H         LINE#         1045
  C:A171H         LINE#         1046
  C:A195H         LINE#         1047
  C:A199H         LINE#         1048
  C:A1A2H         LINE#         1049
  C:A1A4H         LINE#         1050
  C:A1A4H         LINE#         1051
  C:A1ADH         LINE#         1052
  C:A1BAH         LINE#         1053
BL51 BANKED LINKER/LOCATER V6.00                                                      07/02/2014  19:19:58  PAGE 29


  C:A1CAH         LINE#         1054
  C:A1DAH         LINE#         1055
  C:A1EAH         LINE#         1056
  C:A1F7H         LINE#         1057
  C:A211H         LINE#         1058
  C:A22BH         LINE#         1059
  C:A238H         LINE#         1060
  -------         ENDPROC       MANFK
  -------         PROC          CHONGT
  C:AF35H         LINE#         1064
  C:AF35H         LINE#         1065
  C:AF35H         LINE#         1066
  C:AF38H         LINE#         1067
  C:AF3CH         LINE#         1068
  C:AF3EH         LINE#         1069
  C:AF3EH         LINE#         1070
  C:AF66H         LINE#         1071
  C:AF78H         LINE#         1072
  C:AFB3H         LINE#         1073
  C:AFBBH         LINE#         1074
  C:AFBDH         LINE#         1076
  -------         ENDPROC       CHONGT
  -------         PROC          SHEZHI
  C:9A90H         LINE#         1079
  C:9A90H         LINE#         1080
  C:9A90H         LINE#         1081
  C:9A93H         LINE#         1082
  C:9A96H         LINE#         1083
  C:9A99H         LINE#         1084
  C:9A99H         LINE#         1085
  C:9AB7H         LINE#         1086
  C:9AD5H         LINE#         1087
  C:9AF3H         LINE#         1088
  C:9B11H         LINE#         1089
  C:9B14H         LINE#         1090
  C:9B14H         LINE#         1091
  C:9B31H         LINE#         1092
  C:9B4EH         LINE#         1093
  C:9B6BH         LINE#         1094
  C:9B88H         LINE#         1095
  C:9B8AH         LINE#         1096
  C:9B91H         LINE#         1097
  C:9B93H         LINE#         1098
  C:9B9FH         LINE#         1099
  C:9BABH         LINE#         1100
  C:9BABH         LINE#         1101
  C:9BABH         LINE#         1102
  C:9BABH         LINE#         1103
  C:9BABH         LINE#         1104
  C:9BAEH         LINE#         1105
  C:9BB1H         LINE#         1106
  C:9BBFH         LINE#         1107
  C:9BC7H         LINE#         1108
  C:9BD7H         LINE#         1109
  C:9BD7H         LINE#         1110
  C:9BD7H         LINE#         1111
  C:9BD7H         LINE#         1112
BL51 BANKED LINKER/LOCATER V6.00                                                      07/02/2014  19:19:58  PAGE 30


  C:9BD7H         LINE#         1113
  C:9BD7H         LINE#         1114
  C:9BD7H         LINE#         1115
  C:9BD7H         LINE#         1116
  C:9BDCH         LINE#         1117
  C:9BDFH         LINE#         1118
  C:9BDFH         LINE#         1119
  C:9BEAH         LINE#         1120
  C:9BEAH         LINE#         1121
  C:9BEFH         LINE#         1122
  C:9BF2H         LINE#         1123
  C:9BF5H         LINE#         1124
  C:9BF8H         LINE#         1125
  C:9BF8H         LINE#         1126
  C:9BFAH         LINE#         1127
  C:9C01H         LINE#         1128
  C:9C01H         LINE#         1129
  C:9C04H         LINE#         1130
  C:9C07H         LINE#         1131
  C:9C0AH         LINE#         1132
  C:9C0DH         LINE#         1133
  C:9C0DH         LINE#         1134
  C:9C15H         LINE#         1135
  C:9C20H         LINE#         1136
  C:9C20H         LINE#         1137
  C:9C25H         LINE#         1138
  C:9C2DH         LINE#         1139
  C:9C2DH         LINE#         1140
  C:9C30H         LINE#         1141
  C:9C3BH         LINE#         1142
  C:9C3EH         LINE#         1143
  C:9C40H         LINE#         1144
  C:9C40H         LINE#         1145
  C:9C40H         LINE#         1151
  C:9C46H         LINE#         1152
  C:9C46H         LINE#         1153
  C:9C50H         LINE#         1154
  C:9C5FH         LINE#         1155
  C:9C5FH         LINE#         1156
  C:9C73H         LINE#         1158
  C:9C78H         LINE#         1159
  C:9C78H         LINE#         1160
  C:9C80H         LINE#         1161
  C:9C95H         LINE#         1162
  C:9C95H         LINE#         1163
  C:9C9AH         LINE#         1164
  C:9C9DH         LINE#         1165
  C:9C9DH         LINE#         1166
  C:9C9DH         LINE#         1167
  -------         ENDPROC       SHEZHI
  -------         PROC          CHAN_SHU
  C:6E48H         LINE#         1170
  C:6E48H         LINE#         1171
  C:6E48H         LINE#         1172
  C:6E4BH         LINE#         1173
  C:6E4EH         LINE#         1174
  C:6E51H         LINE#         1175
BL51 BANKED LINKER/LOCATER V6.00                                                      07/02/2014  19:19:58  PAGE 31


  C:6E54H         LINE#         1176
  C:6E57H         LINE#         1177
  C:6E57H         LINE#         1178
  C:6E6BH         LINE#         1179
  C:6E7FH         LINE#         1180
  C:6E93H         LINE#         1181
  C:6E9AH         LINE#         1182
  C:6E9DH         LINE#         1183
  C:6EA0H         LINE#         1184
  C:6EA3H         LINE#         1185
  C:6EA6H         LINE#         1186
  C:6EADH         LINE#         1187
  C:6EADH         LINE#         1188
  C:6EB0H         LINE#         1189
  C:6EB6H         LINE#         1190
  C:6EB6H         LINE#         1191
  C:6EB9H         LINE#         1192
  C:6ED1H         LINE#         1193
  C:6ED1H         LINE#         1194
  C:6ED4H         LINE#         1195
  C:6EECH         LINE#         1196
  C:6EEFH         LINE#         1197
  C:6EF7H         LINE#         1198
  C:6EFFH         LINE#         1199
  C:6F07H         LINE#         1200
  C:6F0FH         LINE#         1201
  C:6F0FH         LINE#         1202
  C:6F12H         LINE#         1203
  C:6F17H         LINE#         1205
  C:6F17H         LINE#         1206
  C:6F17H         LINE#         1207
  C:6F1DH         LINE#         1208
  C:6F1DH         LINE#         1209
  C:6F20H         LINE#         1210
  C:6F38H         LINE#         1211
  C:6F38H         LINE#         1212
  C:6F3BH         LINE#         1213
  C:6F53H         LINE#         1214
  C:6F56H         LINE#         1215
  C:6F5EH         LINE#         1216
  C:6F66H         LINE#         1217
  C:6F6EH         LINE#         1218
  C:6F76H         LINE#         1219
  C:6F76H         LINE#         1220
  C:6F79H         LINE#         1221
  C:6F7CH         LINE#         1223
  C:6F7CH         LINE#         1224
  C:6F94H         LINE#         1225
  C:6F94H         LINE#         1226
  C:6F97H         LINE#         1227
  C:6FAFH         LINE#         1228
  C:6FB2H         LINE#         1229
  C:6FB5H         LINE#         1230
  C:6FB5H         LINE#         1231
  C:6FB8H         LINE#         1233
  C:6FB8H         LINE#         1234
  C:6FC1H         LINE#         1235
BL51 BANKED LINKER/LOCATER V6.00                                                      07/02/2014  19:19:58  PAGE 32


  C:6FC1H         LINE#         1236
  C:6FC7H         LINE#         1237
  C:6FC7H         LINE#         1238
  C:6FC9H         LINE#         1239
  C:6FC9H         LINE#         1240
  C:6FDDH         LINE#         1241
  C:6FE4H         LINE#         1242
  C:6FE7H         LINE#         1243
  C:6FEAH         LINE#         1244
  C:6FF8H         LINE#         1245
  C:6FFBH         LINE#         1246
  C:6FFBH         LINE#         1247
  C:700FH         LINE#         1248
  C:7016H         LINE#         1249
  C:7019H         LINE#         1250
  C:7019H         LINE#         1251
  C:702DH         LINE#         1252
  C:7034H         LINE#         1253
  C:7037H         LINE#         1254
  C:703AH         LINE#         1255
  C:703DH         LINE#         1256
  C:703DH         LINE#         1257
  C:7043H         LINE#         1258
  C:7043H         LINE#         1259
  C:7045H         LINE#         1260
  C:7045H         LINE#         1261
  C:7059H         LINE#         1262
  C:7060H         LINE#         1263
  C:7063H         LINE#         1264
  C:7066H         LINE#         1265
  C:7074H         LINE#         1266
  C:7077H         LINE#         1267
  C:7077H         LINE#         1268
  C:708BH         LINE#         1269
  C:7092H         LINE#         1270
  C:7095H         LINE#         1271
  C:7095H         LINE#         1272
  C:70A9H         LINE#         1273
  C:70B0H         LINE#         1274
  C:70B3H         LINE#         1275
  C:70B6H         LINE#         1276
  C:70B9H         LINE#         1277
  C:70B9H         LINE#         1278
  C:70D1H         LINE#         1279
  C:70D1H         LINE#         1280
  C:70D4H         LINE#         1281
  C:70ECH         LINE#         1282
  C:70EFH         LINE#         1283
  C:70FCH         LINE#         1284
  C:70FCH         LINE#         1285
  C:70FFH         LINE#         1287
  C:70FFH         LINE#         1288
  C:7117H         LINE#         1289
  C:7117H         LINE#         1290
  C:711AH         LINE#         1291
  C:7132H         LINE#         1292
  C:7135H         LINE#         1293
BL51 BANKED LINKER/LOCATER V6.00                                                      07/02/2014  19:19:58  PAGE 33


  C:7142H         LINE#         1294
  C:7142H         LINE#         1295
  C:7145H         LINE#         1297
  C:7145H         LINE#         1298
  C:7160H         LINE#         1299
  C:7160H         LINE#         1300
  C:7163H         LINE#         1301
  C:717BH         LINE#         1302
  C:717EH         LINE#         1303
  C:718BH         LINE#         1304
  C:718BH         LINE#         1305
  C:718EH         LINE#         1306
  C:7191H         LINE#         1308
  C:7191H         LINE#         1309
  C:7194H         LINE#         1310
  C:719DH         LINE#         1311
  C:719DH         LINE#         1312
  C:71A3H         LINE#         1313
  C:71A3H         LINE#         1314
  C:71A5H         LINE#         1315
  C:71A5H         LINE#         1316
  C:71B9H         LINE#         1317
  C:71C0H         LINE#         1318
  C:71C3H         LINE#         1319
  C:71C6H         LINE#         1320
  C:71D4H         LINE#         1321
  C:71D7H         LINE#         1322
  C:71D7H         LINE#         1323
  C:71EBH         LINE#         1324
  C:71F2H         LINE#         1325
  C:71F5H         LINE#         1326
  C:71F5H         LINE#         1327
  C:7209H         LINE#         1328
  C:7210H         LINE#         1329
  C:7213H         LINE#         1330
  C:7216H         LINE#         1331
  C:7219H         LINE#         1332
  C:7219H         LINE#         1333
  C:721FH         LINE#         1334
  C:721FH         LINE#         1335
  C:7221H         LINE#         1336
  C:7221H         LINE#         1337
  C:7235H         LINE#         1338
  C:723CH         LINE#         1339
  C:723FH         LINE#         1340
  C:7242H         LINE#         1341
  C:7250H         LINE#         1342
  C:7253H         LINE#         1343
  C:7253H         LINE#         1344
  C:7267H         LINE#         1345
  C:726EH         LINE#         1346
  C:7271H         LINE#         1347
  C:7271H         LINE#         1348
  C:7285H         LINE#         1349
  C:728CH         LINE#         1350
  C:728FH         LINE#         1351
  C:7292H         LINE#         1352
BL51 BANKED LINKER/LOCATER V6.00                                                      07/02/2014  19:19:58  PAGE 34


  C:7295H         LINE#         1353
  C:7295H         LINE#         1354
  C:72ADH         LINE#         1355
  C:72ADH         LINE#         1356
  C:72B0H         LINE#         1357
  C:72C8H         LINE#         1358
  C:72CBH         LINE#         1359
  C:72D8H         LINE#         1360
  C:72D8H         LINE#         1361
  C:72DBH         LINE#         1363
  C:72DBH         LINE#         1364
  C:72F3H         LINE#         1365
  C:72F3H         LINE#         1366
  C:72F6H         LINE#         1367
  C:730EH         LINE#         1368
  C:7311H         LINE#         1369
  C:731EH         LINE#         1370
  C:731EH         LINE#         1371
  C:7321H         LINE#         1373
  C:7321H         LINE#         1374
  C:733CH         LINE#         1375
  C:733CH         LINE#         1376
  C:733FH         LINE#         1377
  C:7357H         LINE#         1378
  C:735AH         LINE#         1379
  C:7367H         LINE#         1380
  C:7367H         LINE#         1381
  C:736AH         LINE#         1382
  C:736DH         LINE#         1384
  C:736DH         LINE#         1385
  C:7370H         LINE#         1386
  C:7379H         LINE#         1387
  C:7379H         LINE#         1388
  C:7382H         LINE#         1389
  C:7382H         LINE#         1390
  C:7385H         LINE#         1391
  C:7385H         LINE#         1392
  C:7388H         LINE#         1393
  C:7388H         LINE#         1394
  C:738BH         LINE#         1395
  C:7398H         LINE#         1396
  C:73A1H         LINE#         1397
  C:73A8H         LINE#         1398
  C:73B1H         LINE#         1399
  C:73B4H         LINE#         1400
  C:73B4H         LINE#         1401
  C:73C8H         LINE#         1402
  C:73CFH         LINE#         1403
  C:73D2H         LINE#         1404
  C:73D2H         LINE#         1405
  C:73E0H         LINE#         1406
  C:73E7H         LINE#         1407
  C:73F0H         LINE#         1408
  C:73F3H         LINE#         1409
  C:73F3H         LINE#         1410
  C:7407H         LINE#         1411
  C:740EH         LINE#         1412
BL51 BANKED LINKER/LOCATER V6.00                                                      07/02/2014  19:19:58  PAGE 35


  C:7411H         LINE#         1413
  C:7411H         LINE#         1414
  C:741FH         LINE#         1415
  C:7426H         LINE#         1416
  C:742FH         LINE#         1417
  C:7432H         LINE#         1418
  C:7435H         LINE#         1419
  C:7435H         LINE#         1420
  C:743EH         LINE#         1421
  C:743EH         LINE#         1422
  C:7441H         LINE#         1423
  C:7441H         LINE#         1424
  C:7444H         LINE#         1425
  C:7444H         LINE#         1426
  C:7447H         LINE#         1427
  C:7454H         LINE#         1428
  C:745DH         LINE#         1429
  C:7464H         LINE#         1430
  C:746DH         LINE#         1431
  C:7470H         LINE#         1432
  C:7470H         LINE#         1433
  C:7484H         LINE#         1434
  C:748BH         LINE#         1435
  C:748EH         LINE#         1436
  C:748EH         LINE#         1437
  C:749CH         LINE#         1438
  C:74A3H         LINE#         1439
  C:74ACH         LINE#         1440
  C:74AFH         LINE#         1441
  C:74AFH         LINE#         1442
  C:74C3H         LINE#         1443
  C:74CAH         LINE#         1444
  C:74CDH         LINE#         1445
  C:74CDH         LINE#         1446
  C:74DBH         LINE#         1447
  C:74E2H         LINE#         1448
  C:74EBH         LINE#         1449
  C:74EEH         LINE#         1450
  C:74F1H         LINE#         1451
  C:74F1H         LINE#         1452
  C:7509H         LINE#         1453
  C:7509H         LINE#         1454
  C:750CH         LINE#         1455
  C:7524H         LINE#         1456
  C:7527H         LINE#         1457
  C:7534H         LINE#         1458
  C:7534H         LINE#         1459
  C:7537H         LINE#         1461
  C:7537H         LINE#         1462
  C:754FH         LINE#         1463
  C:754FH         LINE#         1464
  C:7552H         LINE#         1465
  C:756AH         LINE#         1466
  C:756DH         LINE#         1467
  C:757AH         LINE#         1468
  C:757AH         LINE#         1469
  C:757DH         LINE#         1471
BL51 BANKED LINKER/LOCATER V6.00                                                      07/02/2014  19:19:58  PAGE 36


  C:757DH         LINE#         1472
  C:7595H         LINE#         1473
  C:7595H         LINE#         1474
  C:7598H         LINE#         1475
  C:75B0H         LINE#         1476
  C:75B3H         LINE#         1477
  C:75C0H         LINE#         1478
  C:75C0H         LINE#         1479
  C:75C3H         LINE#         1480
  C:75C6H         LINE#         1482
  C:75C6H         LINE#         1483
  C:75DEH         LINE#         1484
  C:75DEH         LINE#         1485
  C:75E1H         LINE#         1486
  C:75F9H         LINE#         1487
  C:75FCH         LINE#         1488
  C:75FFH         LINE#         1489
  C:75FFH         LINE#         1490
  C:7602H         LINE#         1492
  C:7602H         LINE#         1493
  C:7607H         LINE#         1494
  C:7607H         LINE#         1495
  C:760AH         LINE#         1496
  C:760CH         LINE#         1497
  C:7615H         LINE#         1498
  C:7615H         LINE#         1499
  C:7618H         LINE#         1500
  C:761AH         LINE#         1501
  C:761AH         LINE#         1502
  C:7623H         LINE#         1503
  C:7623H         LINE#         1504
  C:7626H         LINE#         1505
  C:7628H         LINE#         1506
  C:7628H         LINE#         1508
  C:7628H         LINE#         1510
  C:762BH         LINE#         1511
  C:762EH         LINE#         1512
  C:7632H         LINE#         1513
  C:7632H         LINE#         1514
  C:7634H         LINE#         1515
  C:7634H         LINE#         1516
  C:7641H         LINE#         1517
  C:764EH         LINE#         1518
  C:765BH         LINE#         1519
  C:7662H         LINE#         1520
  C:7665H         LINE#         1521
  C:7665H         LINE#         1522
  C:7676H         LINE#         1523
  C:7687H         LINE#         1524
  C:768EH         LINE#         1525
  C:768EH         LINE#         1526
  C:7693H         LINE#         1527
  C:7693H         LINE#         1528
  C:7696H         LINE#         1529
  C:7696H         LINE#         1530
  C:76A9H         LINE#         1532
[...]
  C:2D07H         LINE#         4865
  C:2D19H         LINE#         4866
  C:2D1EH         LINE#         4867
  C:2D1EH         LINE#         4868
  C:2D36H         LINE#         4869
  C:2D36H         LINE#         4870
  C:2D39H         LINE#         4871
  C:2D51H         LINE#         4872
  C:2D54H         LINE#         4873
  C:2D5BH         LINE#         4874
BL51 BANKED LINKER/LOCATER V6.00                                                      07/02/2014  19:19:58  PAGE 96


  C:2D5BH         LINE#         4875
  C:2D5EH         LINE#         4876
  C:2D5EH         LINE#         4877
  C:2D72H         LINE#         4878
  C:2D84H         LINE#         4879
  C:2D8BH         LINE#         4880
  C:2D94H         LINE#         4881
  C:2D96H         LINE#         4882
  C:2D96H         LINE#         4883
  C:2D96H         LINE#         4884
  C:2D99H         LINE#         4886
  C:2D99H         LINE#         4887
  C:2DB1H         LINE#         4888
  C:2DB1H         LINE#         4889
  C:2DB4H         LINE#         4890
  C:2DCCH         LINE#         4891
  C:2DCFH         LINE#         4892
  C:2DD6H         LINE#         4893
  C:2DD6H         LINE#         4894
  C:2DD9H         LINE#         4895
  C:2DD9H         LINE#         4896
  C:2DECH         LINE#         4897
  C:2E01H         LINE#         4898
  C:2E08H         LINE#         4899
  C:2E11H         LINE#         4900
  C:2E13H         LINE#         4901
  C:2E13H         LINE#         4902
  C:2E13H         LINE#         4903
  C:2E16H         LINE#         4905
  C:2E16H         LINE#         4906
  C:2E2EH         LINE#         4907
  C:2E2EH         LINE#         4908
  C:2E31H         LINE#         4909
  C:2E49H         LINE#         4910
  C:2E4CH         LINE#         4911
  C:2E4FH         LINE#         4912
  C:2E52H         LINE#         4913
  C:2E55H         LINE#         4914
  C:2E55H         LINE#         4915
  C:2E58H         LINE#         4916
  C:2E58H         LINE#         4917
  C:2E5BH         LINE#         4918
  C:2E64H         LINE#         4919
  C:2E6BH         LINE#         4920
  C:2E74H         LINE#         4921
  C:2E74H         LINE#         4922
  C:2E77H         LINE#         4924
  C:2E77H         LINE#         4925
  C:2E92H         LINE#         4926
  C:2E92H         LINE#         4927
  C:2E95H         LINE#         4928
  C:2EADH         LINE#         4929
  C:2EB0H         LINE#         4930
  C:2EB2H         LINE#         4931
  C:2EC4H         LINE#         4932
  C:2ED6H         LINE#         4933
  C:2ED6H         LINE#         4934
BL51 BANKED LINKER/LOCATER V6.00                                                      07/02/2014  19:19:58  PAGE 97


  C:2EDEH         LINE#         4936
  C:2EDEH         LINE#         4937
  C:2EDEH         LINE#         4938
  C:2EDEH         LINE#         4939
  C:2EE7H         LINE#         4940
  C:2EE7H         LINE#         4941
  C:2EE9H         LINE#         4942
  C:2EE9H         LINE#         4943
  C:2EFDH         LINE#         4944
  C:2F11H         LINE#         4945
  C:2F25H         LINE#         4946
  C:2F2CH         LINE#         4947
  C:2F35H         LINE#         4948
  C:2F35H         LINE#         4949
  C:2F37H         LINE#         4950
  C:2F37H         LINE#         4951
  C:2F4BH         LINE#         4952
  C:2F52H         LINE#         4953
  C:2F61H         LINE#         4954
  C:2F70H         LINE#         4955
  C:2F73H         LINE#         4956
  C:2F73H         LINE#         4957
  C:2F87H         LINE#         4958
  C:2F9BH         LINE#         4959
  C:2FAFH         LINE#         4960
  C:2FB8H         LINE#         4961
  C:2FB8H         LINE#         4963
  C:2FB8H         LINE#         4964
  C:2FCEH         LINE#         4965
  C:2FE4H         LINE#         4966
  C:2FE4H         LINE#         4968
  C:2FEDH         LINE#         4969
  C:2FEDH         LINE#         4970
  C:3008H         LINE#         4971
  C:3008H         LINE#         4972
  C:300BH         LINE#         4973
  C:3026H         LINE#         4974
  C:3029H         LINE#         4975
  C:3033H         LINE#         4976
  C:3033H         LINE#         4977
  C:303CH         LINE#         4978
  C:303CH         LINE#         4979
  C:304AH         LINE#         4980
  C:304DH         LINE#         4981
  C:304DH         LINE#         4982
  C:305EH         LINE#         4983
  C:306DH         LINE#         4984
  C:3074H         LINE#         4985
  C:307DH         LINE#         4986
  C:3080H         LINE#         4987
  C:3080H         LINE#         4988
  C:3094H         LINE#         4989
  C:309BH         LINE#         4990
  C:309EH         LINE#         4991
  C:309EH         LINE#         4992
  C:30AEH         LINE#         4993
  C:30BCH         LINE#         4994
BL51 BANKED LINKER/LOCATER V6.00                                                      07/02/2014  19:19:58  PAGE 98


  C:30C3H         LINE#         4995
  C:30CCH         LINE#         4996
  C:30CFH         LINE#         4997
  C:30CFH         LINE#         4998
  C:30E3H         LINE#         4999
  C:30F7H         LINE#         5000
  C:310BH         LINE#         5001
  C:3114H         LINE#         5002
  C:3114H         LINE#         5004
  C:3114H         LINE#         5005
  C:3117H         LINE#         5006
  C:3117H         LINE#         5007
  C:312FH         LINE#         5008
  C:3145H         LINE#         5009
  C:314CH         LINE#         5010
  C:3155H         LINE#         5011
  C:3158H         LINE#         5012
  C:3158H         LINE#         5013
  C:316EH         LINE#         5014
  C:3182H         LINE#         5015
  C:3189H         LINE#         5016
  C:3192H         LINE#         5017
  C:3192H         LINE#         5018
  C:3194H         LINE#         5019
  C:3194H         LINE#         5020
  C:3194H         LINE#         5021
  C:3197H         LINE#         5023
  C:3197H         LINE#         5024
  C:31B2H         LINE#         5025
  C:31B2H         LINE#         5026
  C:31B5H         LINE#         5027
  C:31D0H         LINE#         5028
  C:31D3H         LINE#         5029
  C:31DDH         LINE#         5030
  C:31DDH         LINE#         5031
  C:31E6H         LINE#         5032
  C:31E6H         LINE#         5033
  C:31E8H         LINE#         5034
  C:31E8H         LINE#         5035
  C:31FCH         LINE#         5036
  C:3203H         LINE#         5037
  C:3211H         LINE#         5038
  C:3214H         LINE#         5039
  C:3214H         LINE#         5040
  C:3224H         LINE#         5041
  C:3232H         LINE#         5042
  C:3239H         LINE#         5043
  C:3242H         LINE#         5044
  C:3245H         LINE#         5045
  C:3245H         LINE#         5046
  C:3259H         LINE#         5047
  C:326DH         LINE#         5048
  C:3281H         LINE#         5049
  C:3288H         LINE#         5050
  C:328BH         LINE#         5051
  C:328BH         LINE#         5052
  C:32A3H         LINE#         5053
BL51 BANKED LINKER/LOCATER V6.00                                                      07/02/2014  19:19:58  PAGE 99


  C:32B9H         LINE#         5054
  C:32C0H         LINE#         5055
  C:32CCH         LINE#         5056
  C:32CCH         LINE#         5058
  C:32CCH         LINE#         5059
  C:32CFH         LINE#         5060
  C:32CFH         LINE#         5061
  C:32E7H         LINE#         5062
  C:32FDH         LINE#         5063
  C:3304H         LINE#         5064
  C:330DH         LINE#         5065
  C:3310H         LINE#         5066
  C:3310H         LINE#         5067
  C:3328H         LINE#         5068
  C:333EH         LINE#         5069
  C:3345H         LINE#         5070
  C:334EH         LINE#         5071
  C:334EH         LINE#         5072
  C:3350H         LINE#         5073
  C:3350H         LINE#         5074
  C:3350H         LINE#         5075
  C:3353H         LINE#         5077
  C:3353H         LINE#         5078
  C:336BH         LINE#         5079
  C:336BH         LINE#         5080
  C:336EH         LINE#         5081
  C:3386H         LINE#         5082
  C:3389H         LINE#         5083
  C:338CH         LINE#         5084
  C:338FH         LINE#         5085
  C:3392H         LINE#         5086
  C:3392H         LINE#         5087
  C:3395H         LINE#         5088
  C:3395H         LINE#         5089
  C:3398H         LINE#         5090
  C:33A1H         LINE#         5091
  C:33A8H         LINE#         5092
  C:33B1H         LINE#         5093
  C:33B1H         LINE#         5094
  C:33B4H         LINE#         5096
  C:33B4H         LINE#         5097
  C:33CFH         LINE#         5098
  C:33CFH         LINE#         5099
  C:33D2H         LINE#         5100
  C:33EDH         LINE#         5101
  C:33F0H         LINE#         5102
  C:33F9H         LINE#         5103
  C:33F9H         LINE#         5104
  C:33FBH         LINE#         5105
  C:33FBH         LINE#         5106
  C:340FH         LINE#         5107
  C:3416H         LINE#         5108
  C:3424H         LINE#         5109
  C:3432H         LINE#         5110
  C:3435H         LINE#         5111
  C:3435H         LINE#         5112
  C:3449H         LINE#         5113
BL51 BANKED LINKER/LOCATER V6.00                                                      07/02/2014  19:19:58  PAGE 100


  C:345DH         LINE#         5114
  C:3471H         LINE#         5115
  C:347AH         LINE#         5116
  C:347AH         LINE#         5118
  C:347AH         LINE#         5119
  C:3490H         LINE#         5120
  C:34A6H         LINE#         5121
  C:34A6H         LINE#         5122
  C:34A9H         LINE#         5123
  C:34A9H         LINE#         5124
  C:34B1H         LINE#         5126
  C:34B1H         LINE#         5127
  C:34B1H         LINE#         5128
  C:34BEH         LINE#         5129
  C:34BEH         LINE#         5130
  C:34D2H         LINE#         5131
  C:34E6H         LINE#         5132
  C:34FAH         LINE#         5133
  C:34FEH         LINE#         5134
  C:34FEH         LINE#         5135
  C:3504H         LINE#         5136
  C:3504H         LINE#         5137
  C:3506H         LINE#         5138
  C:3509H         LINE#         5139
  C:3512H         LINE#         5140
  C:351BH         LINE#         5141
  C:3524H         LINE#         5142
  C:352DH         LINE#         5143
  C:3536H         LINE#         5144
  C:3536H         LINE#         5145
  C:3539H         LINE#         5146
  C:3540H         LINE#         5147
  C:3547H         LINE#         5148
  C:354EH         LINE#         5149
  C:3555H         LINE#         5150
  C:355CH         LINE#         5151
  C:3563H         LINE#         5152
  C:356AH         LINE#         5153
  C:356CH         LINE#         5154
  C:356FH         LINE#         5155
  C:356FH         LINE#         5156
  -------         ENDPROC       SJ1302
  -------         PROC          _TCS_HUADIAN
  D:0001H         SYMBOL        tx
  D:0002H         SYMBOL        ty
  C:B03FH         LINE#         5159
  C:B043H         LINE#         5160
  C:B043H         LINE#         5161
  C:B056H         LINE#         5162
  C:B05FH         LINE#         5163
  C:B068H         LINE#         5164
  C:B077H         LINE#         5165
  C:B08AH         LINE#         5166
  C:B09CH         LINE#         5167
  C:B0ACH         LINE#         5168
  -------         ENDPROC       _TCS_HUADIAN
  -------         PROC          _TCS_QUDIAN
BL51 BANKED LINKER/LOCATER V6.00                                                      07/02/2014  19:19:58  PAGE 101


  D:0001H         SYMBOL        tx1
  D:0002H         SYMBOL        ty1
  C:AD92H         LINE#         5171
  C:AD96H         LINE#         5172
  C:AD96H         LINE#         5173
  C:ADA9H         LINE#         5174
  C:ADBAH         LINE#         5175
  C:ADCBH         LINE#         5176
  C:ADDAH         LINE#         5177
  C:ADEDH         LINE#         5178
  C:ADFFH         LINE#         5179
  C:AE0FH         LINE#         5180
  -------         ENDPROC       _TCS_QUDIAN
  -------         PROC          TCS_ZHUKONG
  C:9C9EH         LINE#         5184
  C:9C9EH         LINE#         5185
  C:9C9EH         LINE#         5186
  C:9CA1H         LINE#         5187
  C:9CA4H         LINE#         5188
  C:9CB4H         LINE#         5189
  C:9CB4H         LINE#         5190
  C:9CCCH         LINE#         5191
  C:9CCCH         LINE#         5192
  C:9CCFH         LINE#         5193
  C:9CE7H         LINE#         5194
  C:9CEAH         LINE#         5195
  C:9CF0H         LINE#         5196
  C:9CF3H         LINE#         5197
  C:9CF3H         LINE#         5198
  C:9CF3H         LINE#         5199
  C:9D0BH         LINE#         5200
  C:9D0BH         LINE#         5201
  C:9D0EH         LINE#         5202
  C:9D26H         LINE#         5203
  C:9D29H         LINE#         5204
  C:9D2DH         LINE#         5205
  C:9D30H         LINE#         5206
  C:9D30H         LINE#         5207
  C:9D30H         LINE#         5208
  C:9D48H         LINE#         5209
  C:9D48H         LINE#         5210
  C:9D4BH         LINE#         5211
  C:9D63H         LINE#         5212
  C:9D66H         LINE#         5213
  C:9D6CH         LINE#         5214
  C:9D6FH         LINE#         5215
  C:9D6FH         LINE#         5216
  C:9D6FH         LINE#         5217
  C:9D87H         LINE#         5218
  C:9D87H         LINE#         5219
  C:9D8AH         LINE#         5220
  C:9DA2H         LINE#         5221
  C:9DA5H         LINE#         5222
  C:9DABH         LINE#         5223
  C:9DAEH         LINE#         5224
  C:9DAEH         LINE#         5225
  C:9DAEH         LINE#         5226
BL51 BANKED LINKER/LOCATER V6.00                                                      07/02/2014  19:19:58  PAGE 102


  C:9DB7H         LINE#         5227
  C:9DB7H         LINE#         5228
  C:9DBDH         LINE#         5229
  C:9DBDH         LINE#         5230
  C:9DC0H         LINE#         5231
  C:9DC3H         LINE#         5233
  C:9DC3H         LINE#         5234
  C:9DCBH         LINE#         5235
  C:9DCBH         LINE#         5236
  C:9DCDH         LINE#         5237
  C:9DCFH         LINE#         5238
  C:9DDFH         LINE#         5239
  C:9DEFH         LINE#         5240
  C:9DF1H         LINE#         5241
  C:9DF5H         LINE#         5242
  C:9DF5H         LINE#         5243
  C:9DF8H         LINE#         5244
  C:9E06H         LINE#         5245
  C:9E08H         LINE#         5246
  C:9E0FH         LINE#         5248
  C:9E0FH         LINE#         5249
  C:9E18H         LINE#         5250
  C:9E18H         LINE#         5251
  C:9E1AH         LINE#         5252
  C:9E25H         LINE#         5253
  C:9E2CH         LINE#         5254
  C:9E39H         LINE#         5255
  C:9E39H         LINE#         5256
  C:9E57H         LINE#         5257
  C:9E75H         LINE#         5258
  C:9E79H         LINE#         5259
  C:9E89H         LINE#         5260
  C:9E99H         LINE#         5261
  C:9E9CH         LINE#         5263
  C:9E9CH         LINE#         5265
  C:9E9CH         LINE#         5267
  C:9E9FH         LINE#         5268
  C:9EA5H         LINE#         5269
  C:9EA5H         LINE#         5270
  C:9EA8H         LINE#         5271
  C:9EABH         LINE#         5272
  C:9EABH         LINE#         5273
  -------         ENDPROC       TCS_ZHUKONG
  -------         PROC          TCS_SJD
  C:B4CEH         LINE#         5275
  C:B4CEH         LINE#         5276
  C:B4CEH         LINE#         5277
  C:B500H         LINE#         5278
  C:B50CH         LINE#         5279
  C:B518H         LINE#         5280
  C:B51AH         LINE#         5281
  C:B51CH         LINE#         5282
  -------         ENDPROC       TCS_SJD
  -------         PROC          TCS_JC
  C:B5E8H         LINE#         5285
  C:B5E8H         LINE#         5286
  C:B5E8H         LINE#         5287
BL51 BANKED LINKER/LOCATER V6.00                                                      07/02/2014  19:19:58  PAGE 103


  C:B5EBH         LINE#         5288
  C:B5F4H         LINE#         5289
  C:B5F4H         LINE#         5290
  C:B605H         LINE#         5291
  C:B605H         LINE#         5292
  C:B616H         LINE#         5293
  C:B616H         LINE#         5294
  C:B619H         LINE#         5295
  C:B619H         LINE#         5296
  C:B619H         LINE#         5297
  C:B61DH         LINE#         5298
  C:B61FH         LINE#         5299
  -------         ENDPROC       TCS_JC
  -------         PROC          TCS_QFYD
  C:AAD7H         LINE#         5301
  C:AAD7H         LINE#         5302
  C:AAD7H         LINE#         5303
  C:AADAH         LINE#         5304
  C:AAEAH         LINE#         5305
  C:AAFAH         LINE#         5306
  C:AB00H         LINE#         5307
  C:AB07H         LINE#         5308
  C:AB0EH         LINE#         5309
  C:AB15H         LINE#         5310
  C:AB1FH         LINE#         5311
  C:AB1FH         LINE#         5312
  C:AB30H         LINE#         5313
  C:AB30H         LINE#         5314
  C:AB41H         LINE#         5315
  C:AB41H         LINE#         5316
  C:AB44H         LINE#         5317
  C:AB44H         LINE#         5318
  C:AB44H         LINE#         5319
  C:AB48H         LINE#         5320
  C:AB69H         LINE#         5321
  C:AB8AH         LINE#         5322
  C:AB97H         LINE#         5323
  C:AB99H         LINE#         5324
  -------         ENDPROC       TCS_QFYD
  -------         PROC          TCSKAIS
  C:A783H         LINE#         5326
  C:A783H         LINE#         5327
  C:A783H         LINE#         5328
  C:A786H         LINE#         5329
  C:A789H         LINE#         5330
  C:A78BH         LINE#         5331
  C:A78DH         LINE#         5332
  C:A790H         LINE#         5333
  C:A793H         LINE#         5334
  C:A796H         LINE#         5336
  C:A799H         LINE#         5337
  C:A799H         LINE#         5338
  C:A7A6H         LINE#         5339
  C:A7ADH         LINE#         5340
  C:A7B4H         LINE#         5341
  C:A7BBH         LINE#         5342
  C:A7C2H         LINE#         5343
BL51 BANKED LINKER/LOCATER V6.00                                                      07/02/2014  19:19:58  PAGE 104


  C:A7C9H         LINE#         5344
  C:A7D0H         LINE#         5345
  C:A7D7H         LINE#         5346
  C:A7DEH         LINE#         5347
  C:A7E5H         LINE#         5348
  C:A7FDH         LINE#         5349
  C:A80FH         LINE#         5350
  C:A817H         LINE#         5351
  C:A825H         LINE#         5352
  C:A825H         LINE#         5353
  C:A827H         LINE#         5354
  C:A829H         LINE#         5355
  C:A830H         LINE#         5356
  C:A83DH         LINE#         5357
  C:A844H         LINE#         5358
  C:A848H         LINE#         5359
  C:A848H         LINE#         5360
  C:A84BH         LINE#         5361
  C:A859H         LINE#         5362
  C:A85BH         LINE#         5363
  -------         ENDPROC       TCSKAIS
  -------         ENDMOD        MENGHUAN

  -------         MODULE        ?C?IMUL
  C:AC4EH         PUBLIC        ?C?IMUL
  -------         ENDMOD        ?C?IMUL

  -------         MODULE        ?C?UIDIV
  C:AC60H         PUBLIC        ?C?UIDIV
  -------         ENDMOD        ?C?UIDIV

  -------         MODULE        ?C?SIDIV
  C:ACB5H         PUBLIC        ?C?SIDIV
  -------         ENDMOD        ?C?SIDIV

  -------         MODULE        ?C?OFFXADD
  C:ACEBH         PUBLIC        ?C?OFFXADD
  -------         ENDMOD        ?C?OFFXADD

  -------         MODULE        RAND
  D:001BH         PUBLIC        ?SRAND?BYTE
  C:B51DH         PUBLIC        RAND
  C:B55FH         PUBLIC        _SRAND
  -------         ENDMOD        RAND

Program Size: data=120.2 xdata=904 code=47054
LINK/LOCATE RUN COMPLETE.  0 WARNING(S),  0 ERROR(S)
